Archive member included to satisfy reference by file (symbol)

c:/program files (x86)/atmel/studio/7.0/toolchain/avr8/avr8-gnu-toolchain/bin/../lib/gcc/avr/5.4.0/../../../../avr/lib/avr5\libm.a(addsf3.o)
                              Services/Local_access/local.o (__subsf3)
c:/program files (x86)/atmel/studio/7.0/toolchain/avr8/avr8-gnu-toolchain/bin/../lib/gcc/avr/5.4.0/../../../../avr/lib/avr5\libm.a(addsf3x.o)
                              c:/program files (x86)/atmel/studio/7.0/toolchain/avr8/avr8-gnu-toolchain/bin/../lib/gcc/avr/5.4.0/../../../../avr/lib/avr5\libm.a(addsf3.o) (__addsf3x)
c:/program files (x86)/atmel/studio/7.0/toolchain/avr8/avr8-gnu-toolchain/bin/../lib/gcc/avr/5.4.0/../../../../avr/lib/avr5\libm.a(divsf3.o)
                              HAL/Servo/servo.o (__divsf3)
c:/program files (x86)/atmel/studio/7.0/toolchain/avr8/avr8-gnu-toolchain/bin/../lib/gcc/avr/5.4.0/../../../../avr/lib/avr5\libm.a(divsf3x.o)
                              c:/program files (x86)/atmel/studio/7.0/toolchain/avr8/avr8-gnu-toolchain/bin/../lib/gcc/avr/5.4.0/../../../../avr/lib/avr5\libm.a(divsf3.o) (__divsf3x)
c:/program files (x86)/atmel/studio/7.0/toolchain/avr8/avr8-gnu-toolchain/bin/../lib/gcc/avr/5.4.0/../../../../avr/lib/avr5\libm.a(fixsfsi.o)
                              Services/Local_access/local.o (__fixsfsi)
c:/program files (x86)/atmel/studio/7.0/toolchain/avr8/avr8-gnu-toolchain/bin/../lib/gcc/avr/5.4.0/../../../../avr/lib/avr5\libm.a(fixunssfsi.o)
                              MCAL/Timer/timer.o (__fixunssfsi)
c:/program files (x86)/atmel/studio/7.0/toolchain/avr8/avr8-gnu-toolchain/bin/../lib/gcc/avr/5.4.0/../../../../avr/lib/avr5\libm.a(floatsisf.o)
                              HAL/Servo/servo.o (__floatunsisf)
c:/program files (x86)/atmel/studio/7.0/toolchain/avr8/avr8-gnu-toolchain/bin/../lib/gcc/avr/5.4.0/../../../../avr/lib/avr5\libm.a(fp_inf.o)
                              c:/program files (x86)/atmel/studio/7.0/toolchain/avr8/avr8-gnu-toolchain/bin/../lib/gcc/avr/5.4.0/../../../../avr/lib/avr5\libm.a(addsf3x.o) (__fp_inf)
c:/program files (x86)/atmel/studio/7.0/toolchain/avr8/avr8-gnu-toolchain/bin/../lib/gcc/avr/5.4.0/../../../../avr/lib/avr5\libm.a(fp_nan.o)
                              c:/program files (x86)/atmel/studio/7.0/toolchain/avr8/avr8-gnu-toolchain/bin/../lib/gcc/avr/5.4.0/../../../../avr/lib/avr5\libm.a(addsf3x.o) (__fp_nan)
c:/program files (x86)/atmel/studio/7.0/toolchain/avr8/avr8-gnu-toolchain/bin/../lib/gcc/avr/5.4.0/../../../../avr/lib/avr5\libm.a(fp_pscA.o)
                              c:/program files (x86)/atmel/studio/7.0/toolchain/avr8/avr8-gnu-toolchain/bin/../lib/gcc/avr/5.4.0/../../../../avr/lib/avr5\libm.a(addsf3x.o) (__fp_pscA)
c:/program files (x86)/atmel/studio/7.0/toolchain/avr8/avr8-gnu-toolchain/bin/../lib/gcc/avr/5.4.0/../../../../avr/lib/avr5\libm.a(fp_pscB.o)
                              c:/program files (x86)/atmel/studio/7.0/toolchain/avr8/avr8-gnu-toolchain/bin/../lib/gcc/avr/5.4.0/../../../../avr/lib/avr5\libm.a(addsf3x.o) (__fp_pscB)
c:/program files (x86)/atmel/studio/7.0/toolchain/avr8/avr8-gnu-toolchain/bin/../lib/gcc/avr/5.4.0/../../../../avr/lib/avr5\libm.a(fp_round.o)
                              c:/program files (x86)/atmel/studio/7.0/toolchain/avr8/avr8-gnu-toolchain/bin/../lib/gcc/avr/5.4.0/../../../../avr/lib/avr5\libm.a(addsf3.o) (__fp_round)
c:/program files (x86)/atmel/studio/7.0/toolchain/avr8/avr8-gnu-toolchain/bin/../lib/gcc/avr/5.4.0/../../../../avr/lib/avr5\libm.a(fp_split3.o)
                              c:/program files (x86)/atmel/studio/7.0/toolchain/avr8/avr8-gnu-toolchain/bin/../lib/gcc/avr/5.4.0/../../../../avr/lib/avr5\libm.a(addsf3x.o) (__fp_split3)
c:/program files (x86)/atmel/studio/7.0/toolchain/avr8/avr8-gnu-toolchain/bin/../lib/gcc/avr/5.4.0/../../../../avr/lib/avr5\libm.a(fp_zero.o)
                              c:/program files (x86)/atmel/studio/7.0/toolchain/avr8/avr8-gnu-toolchain/bin/../lib/gcc/avr/5.4.0/../../../../avr/lib/avr5\libm.a(addsf3x.o) (__fp_zero)
c:/program files (x86)/atmel/studio/7.0/toolchain/avr8/avr8-gnu-toolchain/bin/../lib/gcc/avr/5.4.0/../../../../avr/lib/avr5\libm.a(mulsf3.o)
                              MCAL/Timer/timer.o (__mulsf3)
c:/program files (x86)/atmel/studio/7.0/toolchain/avr8/avr8-gnu-toolchain/bin/../lib/gcc/avr/5.4.0/../../../../avr/lib/avr5\libm.a(mulsf3x.o)
                              c:/program files (x86)/atmel/studio/7.0/toolchain/avr8/avr8-gnu-toolchain/bin/../lib/gcc/avr/5.4.0/../../../../avr/lib/avr5\libm.a(mulsf3.o) (__mulsf3x)
c:/program files (x86)/atmel/studio/7.0/toolchain/avr8/avr8-gnu-toolchain/bin/../lib/gcc/avr/5.4.0/avr5\libgcc.a(_exit.o)
                              C:/Program Files (x86)/Atmel/Studio/7.0/Packs/atmel/ATmega_DFP/1.7.374/gcc/dev/atmega32a/avr5/crtatmega32a.o (exit)
c:/program files (x86)/atmel/studio/7.0/toolchain/avr8/avr8-gnu-toolchain/bin/../lib/gcc/avr/5.4.0/avr5\libgcc.a(_tablejump2.o)
                              MCAL/ADC/adc.o (__tablejump2__)
c:/program files (x86)/atmel/studio/7.0/toolchain/avr8/avr8-gnu-toolchain/bin/../lib/gcc/avr/5.4.0/avr5\libgcc.a(_copy_data.o)
                              HAL/Keypad/keypad.o (__do_copy_data)
c:/program files (x86)/atmel/studio/7.0/toolchain/avr8/avr8-gnu-toolchain/bin/../lib/gcc/avr/5.4.0/avr5\libgcc.a(_clear_bss.o)
                              Application/app.o (__do_clear_bss)
c:/program files (x86)/atmel/studio/7.0/toolchain/avr8/avr8-gnu-toolchain/bin/../lib/gcc/avr/5.4.0/../../../../avr/lib/avr5\libc.a(strcmp.o)
                              Services/Local_access/local.o (strcmp)
c:/program files (x86)/atmel/studio/7.0/toolchain/avr8/avr8-gnu-toolchain/bin/../lib/gcc/avr/5.4.0/../../../../avr/lib/avr5\libc.a(strcpy.o)
                              Services/Remote_access/remote.o (strcpy)
c:/program files (x86)/atmel/studio/7.0/toolchain/avr8/avr8-gnu-toolchain/bin/../lib/gcc/avr/5.4.0/../../../../avr/lib/avr5\libc.a(sprintf.o)
                              Services/Local_access/local.o (sprintf)
c:/program files (x86)/atmel/studio/7.0/toolchain/avr8/avr8-gnu-toolchain/bin/../lib/gcc/avr/5.4.0/../../../../avr/lib/avr5\libc.a(vfprintf_std.o)
                              c:/program files (x86)/atmel/studio/7.0/toolchain/avr8/avr8-gnu-toolchain/bin/../lib/gcc/avr/5.4.0/../../../../avr/lib/avr5\libc.a(sprintf.o) (vfprintf)
c:/program files (x86)/atmel/studio/7.0/toolchain/avr8/avr8-gnu-toolchain/bin/../lib/gcc/avr/5.4.0/../../../../avr/lib/avr5\libc.a(strnlen_P.o)
                              c:/program files (x86)/atmel/studio/7.0/toolchain/avr8/avr8-gnu-toolchain/bin/../lib/gcc/avr/5.4.0/../../../../avr/lib/avr5\libc.a(vfprintf_std.o) (strnlen_P)
c:/program files (x86)/atmel/studio/7.0/toolchain/avr8/avr8-gnu-toolchain/bin/../lib/gcc/avr/5.4.0/../../../../avr/lib/avr5\libc.a(strnlen.o)
                              c:/program files (x86)/atmel/studio/7.0/toolchain/avr8/avr8-gnu-toolchain/bin/../lib/gcc/avr/5.4.0/../../../../avr/lib/avr5\libc.a(vfprintf_std.o) (strnlen)
c:/program files (x86)/atmel/studio/7.0/toolchain/avr8/avr8-gnu-toolchain/bin/../lib/gcc/avr/5.4.0/../../../../avr/lib/avr5\libc.a(fputc.o)
                              c:/program files (x86)/atmel/studio/7.0/toolchain/avr8/avr8-gnu-toolchain/bin/../lib/gcc/avr/5.4.0/../../../../avr/lib/avr5\libc.a(vfprintf_std.o) (fputc)
c:/program files (x86)/atmel/studio/7.0/toolchain/avr8/avr8-gnu-toolchain/bin/../lib/gcc/avr/5.4.0/../../../../avr/lib/avr5\libc.a(ultoa_invert.o)
                              c:/program files (x86)/atmel/studio/7.0/toolchain/avr8/avr8-gnu-toolchain/bin/../lib/gcc/avr/5.4.0/../../../../avr/lib/avr5\libc.a(vfprintf_std.o) (__ultoa_invert)
c:/program files (x86)/atmel/studio/7.0/toolchain/avr8/avr8-gnu-toolchain/bin/../lib/gcc/avr/5.4.0/avr5\libgcc.a(_prologue.o)
                              c:/program files (x86)/atmel/studio/7.0/toolchain/avr8/avr8-gnu-toolchain/bin/../lib/gcc/avr/5.4.0/../../../../avr/lib/avr5\libc.a(sprintf.o) (__prologue_saves__)
c:/program files (x86)/atmel/studio/7.0/toolchain/avr8/avr8-gnu-toolchain/bin/../lib/gcc/avr/5.4.0/avr5\libgcc.a(_epilogue.o)
                              c:/program files (x86)/atmel/studio/7.0/toolchain/avr8/avr8-gnu-toolchain/bin/../lib/gcc/avr/5.4.0/../../../../avr/lib/avr5\libc.a(sprintf.o) (__epilogue_restores__)

Allocating common symbols
Common symbol       size              file

msg_buffer_pointer  0x1               Application/app.o
local_control_permission_granted
                    0x1               Application/app.o
remote_user         0x20              Services/Remote_access/remote.o
temp_user           0x20              Services/Remote_access/remote.o
local_control_running_task
                    0x1               Services/Local_access/local.o
msg_buffer          0xf               Application/app.o
input_buffer_pointer
                    0x1               Services/Local_access/local.o
dump_invalid_data   0x1               Services/Remote_access/remote.o
local_user          0x20              Services/Local_access/local.o
input_buffer        0xb               Services/Local_access/local.o
msg_length          0x1               Application/app.o
udr_temp            0x1               Services/Remote_access/remote.o
device_number       0x1               Services/Remote_access/remote.o
dimmer_brightness   0x2               Services/Local_access/local.o
user_dialog_tree    0x4               Application/app.o
control_devices_screen
                    0x1               Services/Local_access/local.o
new_user            0x20              Services/Remote_access/remote.o
running_devices     0x7               Application/app.o
invalid_user_input  0x1               Application/app.o
login_stage_started
                    0x1               Services/Local_access/local.o
login_stage         0x1               Services/Local_access/local.o
running_devices_screen
                    0x1               Services/Local_access/local.o

Discarded input sections

 .data          0x00000000        0x0 C:/Program Files (x86)/Atmel/Studio/7.0/Packs/atmel/ATmega_DFP/1.7.374/gcc/dev/atmega32a/avr5/crtatmega32a.o
 .bss           0x00000000        0x0 C:/Program Files (x86)/Atmel/Studio/7.0/Packs/atmel/ATmega_DFP/1.7.374/gcc/dev/atmega32a/avr5/crtatmega32a.o
 .text          0x00000000        0x0 Application/app.o
 .data          0x00000000        0x0 Application/app.o
 .bss           0x00000000        0x0 Application/app.o
 .text.App_init
                0x00000000       0x34 Application/app.o
 .text.App_start
                0x00000000        0xa Application/app.o
 .text          0x00000000        0x0 HAL/Buzzer/buzzer.o
 .data          0x00000000        0x0 HAL/Buzzer/buzzer.o
 .bss           0x00000000        0x0 HAL/Buzzer/buzzer.o
 .text.Buzzer_init
                0x00000000       0x12 HAL/Buzzer/buzzer.o
 .text.Buzzer_off
                0x00000000       0x12 HAL/Buzzer/buzzer.o
 .text.Buzzer_toggle
                0x00000000       0x10 HAL/Buzzer/buzzer.o
 .text          0x00000000        0x0 HAL/EEPROM/eeprom.o
 .data          0x00000000        0x0 HAL/EEPROM/eeprom.o
 .bss           0x00000000        0x0 HAL/EEPROM/eeprom.o
 .text          0x00000000        0x0 HAL/HC-05/hc_05.o
 .data          0x00000000        0x0 HAL/HC-05/hc_05.o
 .bss           0x00000000        0x0 HAL/HC-05/hc_05.o
 .text.BT_init  0x00000000       0x28 HAL/HC-05/hc_05.o
 .text          0x00000000        0x0 HAL/Keypad/keypad.o
 .data          0x00000000        0x0 HAL/Keypad/keypad.o
 .bss           0x00000000        0x0 HAL/Keypad/keypad.o
 .text          0x00000000        0x0 HAL/LCD/lcd.o
 .data          0x00000000        0x0 HAL/LCD/lcd.o
 .bss           0x00000000        0x0 HAL/LCD/lcd.o
 .text          0x00000000        0x0 HAL/LED/led.o
 .data          0x00000000        0x0 HAL/LED/led.o
 .bss           0x00000000        0x0 HAL/LED/led.o
 .text          0x00000000        0x0 HAL/DC_motor/motor.o
 .data          0x00000000        0x0 HAL/DC_motor/motor.o
 .bss           0x00000000        0x0 HAL/DC_motor/motor.o
 .debug_line    0x00000000        0x0 HAL/DC_motor/motor.o
 .debug_str     0x00000000      0x102 HAL/DC_motor/motor.o
 .comment       0x00000000       0x31 HAL/DC_motor/motor.o
 .text          0x00000000        0x0 HAL/LM35/lm35.o
 .data          0x00000000        0x0 HAL/LM35/lm35.o
 .bss           0x00000000        0x0 HAL/LM35/lm35.o
 .text.LM35_init_polling
                0x00000000       0x1a HAL/LM35/lm35.o
 .text.LM35_init_INT
                0x00000000       0x22 HAL/LM35/lm35.o
 .debug_info    0x00000000      0x193 HAL/LM35/lm35.o
 .debug_abbrev  0x00000000       0xa3 HAL/LM35/lm35.o
 .debug_loc     0x00000000       0xd5 HAL/LM35/lm35.o
 .debug_aranges
                0x00000000       0x28 HAL/LM35/lm35.o
 .debug_ranges  0x00000000       0x18 HAL/LM35/lm35.o
 .debug_line    0x00000000       0xfe HAL/LM35/lm35.o
 .debug_str     0x00000000      0x1f3 HAL/LM35/lm35.o
 .comment       0x00000000       0x31 HAL/LM35/lm35.o
 .debug_frame   0x00000000       0x48 HAL/LM35/lm35.o
 .text          0x00000000        0x0 HAL/Push_button/btn.o
 .data          0x00000000        0x0 HAL/Push_button/btn.o
 .bss           0x00000000        0x0 HAL/Push_button/btn.o
 .debug_line    0x00000000        0x0 HAL/Push_button/btn.o
 .debug_str     0x00000000      0x103 HAL/Push_button/btn.o
 .comment       0x00000000       0x31 HAL/Push_button/btn.o
 .text          0x00000000        0x0 HAL/Relay/relay.o
 .data          0x00000000        0x0 HAL/Relay/relay.o
 .bss           0x00000000        0x0 HAL/Relay/relay.o
 .text.relay_init
                0x00000000       0x12 HAL/Relay/relay.o
 .text.relay_on
                0x00000000       0x12 HAL/Relay/relay.o
 .text.relay_off
                0x00000000       0x12 HAL/Relay/relay.o
 .text.relay_toggle
                0x00000000       0x10 HAL/Relay/relay.o
 .debug_info    0x00000000      0x251 HAL/Relay/relay.o
 .debug_abbrev  0x00000000       0xa9 HAL/Relay/relay.o
 .debug_loc     0x00000000      0x160 HAL/Relay/relay.o
 .debug_aranges
                0x00000000       0x38 HAL/Relay/relay.o
 .debug_ranges  0x00000000       0x28 HAL/Relay/relay.o
 .debug_line    0x00000000      0x121 HAL/Relay/relay.o
 .debug_str     0x00000000      0x248 HAL/Relay/relay.o
 .comment       0x00000000       0x31 HAL/Relay/relay.o
 .debug_frame   0x00000000       0x54 HAL/Relay/relay.o
 .text          0x00000000        0x0 HAL/Servo/servo.o
 .data          0x00000000        0x0 HAL/Servo/servo.o
 .bss           0x00000000        0x0 HAL/Servo/servo.o
 .text.Servo_init
                0x00000000       0x26 HAL/Servo/servo.o
 .text          0x00000000        0x0 main.o
 .data          0x00000000        0x0 main.o
 .bss           0x00000000        0x0 main.o
 .text          0x00000000        0x0 MCAL/ADC/adc.o
 .data          0x00000000        0x0 MCAL/ADC/adc.o
 .bss           0x00000000        0x0 MCAL/ADC/adc.o
 .text.ADC_init
                0x00000000       0x28 MCAL/ADC/adc.o
 .text.ADC_select_channel
                0x00000000       0x14 MCAL/ADC/adc.o
 .text.ADC_read
                0x00000000       0x2e MCAL/ADC/adc.o
 .text.ADC_init_auto_trigger
                0x00000000       0x7a MCAL/ADC/adc.o
 .progmem.gcc_sw_table.ADC_init_auto_trigger
                0x00000000        0xe MCAL/ADC/adc.o
 .debug_info    0x00000000      0x179 MCAL/ADC/adc.o
 .debug_abbrev  0x00000000       0xf9 MCAL/ADC/adc.o
 .debug_loc     0x00000000      0x18d MCAL/ADC/adc.o
 .debug_aranges
                0x00000000       0x38 MCAL/ADC/adc.o
 .debug_ranges  0x00000000       0x28 MCAL/ADC/adc.o
 .debug_line    0x00000000      0x18d MCAL/ADC/adc.o
 .debug_str     0x00000000      0x1fe MCAL/ADC/adc.o
 .comment       0x00000000       0x31 MCAL/ADC/adc.o
 .debug_frame   0x00000000       0x60 MCAL/ADC/adc.o
 .text          0x00000000        0x0 MCAL/DIO/dio.o
 .data          0x00000000        0x0 MCAL/DIO/dio.o
 .bss           0x00000000        0x0 MCAL/DIO/dio.o
 .text          0x00000000        0x0 MCAL/I2C/i2c.o
 .data          0x00000000        0x0 MCAL/I2C/i2c.o
 .bss           0x00000000        0x0 MCAL/I2C/i2c.o
 .text.I2C_repeatedStart
                0x00000000       0x10 MCAL/I2C/i2c.o
 .text          0x00000000        0x0 MCAL/Interrupts/interrupts.o
 .data          0x00000000        0x0 MCAL/Interrupts/interrupts.o
 .bss           0x00000000        0x0 MCAL/Interrupts/interrupts.o
 .text.INT0_init
                0x00000000       0x3a MCAL/Interrupts/interrupts.o
 .text.INT1_init
                0x00000000       0x3a MCAL/Interrupts/interrupts.o
 .text.INT2_init
                0x00000000       0x20 MCAL/Interrupts/interrupts.o
 .text.ADC_INT_init
                0x00000000        0xa MCAL/Interrupts/interrupts.o
 .text.UART_RXC_INT_init
                0x00000000        0xa MCAL/Interrupts/interrupts.o
 .debug_info    0x00000000      0x144 MCAL/Interrupts/interrupts.o
 .debug_abbrev  0x00000000       0x9a MCAL/Interrupts/interrupts.o
 .debug_loc     0x00000000      0x112 MCAL/Interrupts/interrupts.o
 .debug_aranges
                0x00000000       0x40 MCAL/Interrupts/interrupts.o
 .debug_ranges  0x00000000       0x30 MCAL/Interrupts/interrupts.o
 .debug_line    0x00000000      0x1a0 MCAL/Interrupts/interrupts.o
 .debug_str     0x00000000      0x1cf MCAL/Interrupts/interrupts.o
 .comment       0x00000000       0x31 MCAL/Interrupts/interrupts.o
 .debug_frame   0x00000000       0x64 MCAL/Interrupts/interrupts.o
 .text          0x00000000        0x0 MCAL/Timer/timer.o
 .data          0x00000000        0x0 MCAL/Timer/timer.o
 .bss           0x00000000        0x0 MCAL/Timer/timer.o
 .text.Timer_normal_init
                0x00000000       0x84 MCAL/Timer/timer.o
 .text.Timer_CTC_init
                0x00000000       0x8c MCAL/Timer/timer.o
 .text.Timer_stop
                0x00000000       0x20 MCAL/Timer/timer.o
 .text.Timer_reset
                0x00000000       0x36 MCAL/Timer/timer.o
 .text.PWM_stop
                0x00000000       0x84 MCAL/Timer/timer.o
 .text.Timer_read_and_reset_OCF
                0x00000000       0x96 MCAL/Timer/timer.o
 .text.Timer_reset_OCF
                0x00000000       0x44 MCAL/Timer/timer.o
 .text          0x00000000        0x0 MCAL/UART/uart.o
 .data          0x00000000        0x0 MCAL/UART/uart.o
 .bss           0x00000000        0x0 MCAL/UART/uart.o
 .text.UART_init
                0x00000000      0x144 MCAL/UART/uart.o
 .text.UART_receiveChar
                0x00000000        0xc MCAL/UART/uart.o
 .text.UART_receiveString
                0x00000000       0x64 MCAL/UART/uart.o
 .text          0x00000000        0x0 Services/Door/door.o
 .data          0x00000000        0x0 Services/Door/door.o
 .bss           0x00000000        0x0 Services/Door/door.o
 .text.Door_init
                0x00000000        0xc Services/Door/door.o
 .text          0x00000000        0x0 Services/Lights/lights.o
 .data          0x00000000        0x0 Services/Lights/lights.o
 .bss           0x00000000        0x0 Services/Lights/lights.o
 .text          0x00000000        0x0 Services/Local_access/local.o
 .data          0x00000000        0x0 Services/Local_access/local.o
 .bss           0x00000000        0x0 Services/Local_access/local.o
 .text          0x00000000        0x0 Services/Remote_access/remote.o
 .data          0x00000000        0x0 Services/Remote_access/remote.o
 .bss           0x00000000        0x0 Services/Remote_access/remote.o
 .text.Remote_init
                0x00000000       0x22 Services/Remote_access/remote.o
 .text.Remote_control_interface
                0x00000000        0x2 Services/Remote_access/remote.o
 .text          0x00000000        0x0 Services/AC/ac.o
 .data          0x00000000        0x0 Services/AC/ac.o
 .bss           0x00000000        0x0 Services/AC/ac.o
 .text.AC_auto_control_service_start
                0x00000000       0x2c Services/AC/ac.o
 .text.AC_auto_control_service_stop
                0x00000000       0x12 Services/AC/ac.o
 .text          0x00000000        0x0 Services/User/user.o
 .data          0x00000000        0x0 Services/User/user.o
 .bss           0x00000000        0x0 Services/User/user.o
 .text.user_search
                0x00000000        0x8 Services/User/user.o
 .text.EEPROM_fill_zeroes
                0x00000000       0x70 Services/User/user.o
 .rodata        0x00000000       0x18 Services/User/user.o
 .rodata.str1.1
                0x00000000        0x7 Services/User/user.o
 .text.write_first_user
                0x00000000       0xc2 Services/User/user.o
 .text.User_DB_format
                0x00000000        0xc Services/User/user.o
 .text          0x00000000        0x0 c:/program files (x86)/atmel/studio/7.0/toolchain/avr8/avr8-gnu-toolchain/bin/../lib/gcc/avr/5.4.0/../../../../avr/lib/avr5\libm.a(addsf3.o)
 .data          0x00000000        0x0 c:/program files (x86)/atmel/studio/7.0/toolchain/avr8/avr8-gnu-toolchain/bin/../lib/gcc/avr/5.4.0/../../../../avr/lib/avr5\libm.a(addsf3.o)
 .bss           0x00000000        0x0 c:/program files (x86)/atmel/studio/7.0/toolchain/avr8/avr8-gnu-toolchain/bin/../lib/gcc/avr/5.4.0/../../../../avr/lib/avr5\libm.a(addsf3.o)
 .text          0x00000000        0x0 c:/program files (x86)/atmel/studio/7.0/toolchain/avr8/avr8-gnu-toolchain/bin/../lib/gcc/avr/5.4.0/../../../../avr/lib/avr5\libm.a(addsf3x.o)
 .data          0x00000000        0x0 c:/program files (x86)/atmel/studio/7.0/toolchain/avr8/avr8-gnu-toolchain/bin/../lib/gcc/avr/5.4.0/../../../../avr/lib/avr5\libm.a(addsf3x.o)
 .bss           0x00000000        0x0 c:/program files (x86)/atmel/studio/7.0/toolchain/avr8/avr8-gnu-toolchain/bin/../lib/gcc/avr/5.4.0/../../../../avr/lib/avr5\libm.a(addsf3x.o)
 .text          0x00000000        0x0 c:/program files (x86)/atmel/studio/7.0/toolchain/avr8/avr8-gnu-toolchain/bin/../lib/gcc/avr/5.4.0/../../../../avr/lib/avr5\libm.a(divsf3.o)
 .data          0x00000000        0x0 c:/program files (x86)/atmel/studio/7.0/toolchain/avr8/avr8-gnu-toolchain/bin/../lib/gcc/avr/5.4.0/../../../../avr/lib/avr5\libm.a(divsf3.o)
 .bss           0x00000000        0x0 c:/program files (x86)/atmel/studio/7.0/toolchain/avr8/avr8-gnu-toolchain/bin/../lib/gcc/avr/5.4.0/../../../../avr/lib/avr5\libm.a(divsf3.o)
 .text          0x00000000        0x0 c:/program files (x86)/atmel/studio/7.0/toolchain/avr8/avr8-gnu-toolchain/bin/../lib/gcc/avr/5.4.0/../../../../avr/lib/avr5\libm.a(divsf3x.o)
 .data          0x00000000        0x0 c:/program files (x86)/atmel/studio/7.0/toolchain/avr8/avr8-gnu-toolchain/bin/../lib/gcc/avr/5.4.0/../../../../avr/lib/avr5\libm.a(divsf3x.o)
 .bss           0x00000000        0x0 c:/program files (x86)/atmel/studio/7.0/toolchain/avr8/avr8-gnu-toolchain/bin/../lib/gcc/avr/5.4.0/../../../../avr/lib/avr5\libm.a(divsf3x.o)
 .text          0x00000000        0x0 c:/program files (x86)/atmel/studio/7.0/toolchain/avr8/avr8-gnu-toolchain/bin/../lib/gcc/avr/5.4.0/../../../../avr/lib/avr5\libm.a(fixsfsi.o)
 .data          0x00000000        0x0 c:/program files (x86)/atmel/studio/7.0/toolchain/avr8/avr8-gnu-toolchain/bin/../lib/gcc/avr/5.4.0/../../../../avr/lib/avr5\libm.a(fixsfsi.o)
 .bss           0x00000000        0x0 c:/program files (x86)/atmel/studio/7.0/toolchain/avr8/avr8-gnu-toolchain/bin/../lib/gcc/avr/5.4.0/../../../../avr/lib/avr5\libm.a(fixsfsi.o)
 .text          0x00000000        0x0 c:/program files (x86)/atmel/studio/7.0/toolchain/avr8/avr8-gnu-toolchain/bin/../lib/gcc/avr/5.4.0/../../../../avr/lib/avr5\libm.a(fixunssfsi.o)
 .data          0x00000000        0x0 c:/program files (x86)/atmel/studio/7.0/toolchain/avr8/avr8-gnu-toolchain/bin/../lib/gcc/avr/5.4.0/../../../../avr/lib/avr5\libm.a(fixunssfsi.o)
 .bss           0x00000000        0x0 c:/program files (x86)/atmel/studio/7.0/toolchain/avr8/avr8-gnu-toolchain/bin/../lib/gcc/avr/5.4.0/../../../../avr/lib/avr5\libm.a(fixunssfsi.o)
 .text          0x00000000        0x0 c:/program files (x86)/atmel/studio/7.0/toolchain/avr8/avr8-gnu-toolchain/bin/../lib/gcc/avr/5.4.0/../../../../avr/lib/avr5\libm.a(floatsisf.o)
 .data          0x00000000        0x0 c:/program files (x86)/atmel/studio/7.0/toolchain/avr8/avr8-gnu-toolchain/bin/../lib/gcc/avr/5.4.0/../../../../avr/lib/avr5\libm.a(floatsisf.o)
 .bss           0x00000000        0x0 c:/program files (x86)/atmel/studio/7.0/toolchain/avr8/avr8-gnu-toolchain/bin/../lib/gcc/avr/5.4.0/../../../../avr/lib/avr5\libm.a(floatsisf.o)
 .text          0x00000000        0x0 c:/program files (x86)/atmel/studio/7.0/toolchain/avr8/avr8-gnu-toolchain/bin/../lib/gcc/avr/5.4.0/../../../../avr/lib/avr5\libm.a(fp_inf.o)
 .data          0x00000000        0x0 c:/program files (x86)/atmel/studio/7.0/toolchain/avr8/avr8-gnu-toolchain/bin/../lib/gcc/avr/5.4.0/../../../../avr/lib/avr5\libm.a(fp_inf.o)
 .bss           0x00000000        0x0 c:/program files (x86)/atmel/studio/7.0/toolchain/avr8/avr8-gnu-toolchain/bin/../lib/gcc/avr/5.4.0/../../../../avr/lib/avr5\libm.a(fp_inf.o)
 .text          0x00000000        0x0 c:/program files (x86)/atmel/studio/7.0/toolchain/avr8/avr8-gnu-toolchain/bin/../lib/gcc/avr/5.4.0/../../../../avr/lib/avr5\libm.a(fp_nan.o)
 .data          0x00000000        0x0 c:/program files (x86)/atmel/studio/7.0/toolchain/avr8/avr8-gnu-toolchain/bin/../lib/gcc/avr/5.4.0/../../../../avr/lib/avr5\libm.a(fp_nan.o)
 .bss           0x00000000        0x0 c:/program files (x86)/atmel/studio/7.0/toolchain/avr8/avr8-gnu-toolchain/bin/../lib/gcc/avr/5.4.0/../../../../avr/lib/avr5\libm.a(fp_nan.o)
 .text          0x00000000        0x0 c:/program files (x86)/atmel/studio/7.0/toolchain/avr8/avr8-gnu-toolchain/bin/../lib/gcc/avr/5.4.0/../../../../avr/lib/avr5\libm.a(fp_pscA.o)
 .data          0x00000000        0x0 c:/program files (x86)/atmel/studio/7.0/toolchain/avr8/avr8-gnu-toolchain/bin/../lib/gcc/avr/5.4.0/../../../../avr/lib/avr5\libm.a(fp_pscA.o)
 .bss           0x00000000        0x0 c:/program files (x86)/atmel/studio/7.0/toolchain/avr8/avr8-gnu-toolchain/bin/../lib/gcc/avr/5.4.0/../../../../avr/lib/avr5\libm.a(fp_pscA.o)
 .text          0x00000000        0x0 c:/program files (x86)/atmel/studio/7.0/toolchain/avr8/avr8-gnu-toolchain/bin/../lib/gcc/avr/5.4.0/../../../../avr/lib/avr5\libm.a(fp_pscB.o)
 .data          0x00000000        0x0 c:/program files (x86)/atmel/studio/7.0/toolchain/avr8/avr8-gnu-toolchain/bin/../lib/gcc/avr/5.4.0/../../../../avr/lib/avr5\libm.a(fp_pscB.o)
 .bss           0x00000000        0x0 c:/program files (x86)/atmel/studio/7.0/toolchain/avr8/avr8-gnu-toolchain/bin/../lib/gcc/avr/5.4.0/../../../../avr/lib/avr5\libm.a(fp_pscB.o)
 .text          0x00000000        0x0 c:/program files (x86)/atmel/studio/7.0/toolchain/avr8/avr8-gnu-toolchain/bin/../lib/gcc/avr/5.4.0/../../../../avr/lib/avr5\libm.a(fp_round.o)
 .data          0x00000000        0x0 c:/program files (x86)/atmel/studio/7.0/toolchain/avr8/avr8-gnu-toolchain/bin/../lib/gcc/avr/5.4.0/../../../../avr/lib/avr5\libm.a(fp_round.o)
 .bss           0x00000000        0x0 c:/program files (x86)/atmel/studio/7.0/toolchain/avr8/avr8-gnu-toolchain/bin/../lib/gcc/avr/5.4.0/../../../../avr/lib/avr5\libm.a(fp_round.o)
 .text          0x00000000        0x0 c:/program files (x86)/atmel/studio/7.0/toolchain/avr8/avr8-gnu-toolchain/bin/../lib/gcc/avr/5.4.0/../../../../avr/lib/avr5\libm.a(fp_split3.o)
 .data          0x00000000        0x0 c:/program files (x86)/atmel/studio/7.0/toolchain/avr8/avr8-gnu-toolchain/bin/../lib/gcc/avr/5.4.0/../../../../avr/lib/avr5\libm.a(fp_split3.o)
 .bss           0x00000000        0x0 c:/program files (x86)/atmel/studio/7.0/toolchain/avr8/avr8-gnu-toolchain/bin/../lib/gcc/avr/5.4.0/../../../../avr/lib/avr5\libm.a(fp_split3.o)
 .text          0x00000000        0x0 c:/program files (x86)/atmel/studio/7.0/toolchain/avr8/avr8-gnu-toolchain/bin/../lib/gcc/avr/5.4.0/../../../../avr/lib/avr5\libm.a(fp_zero.o)
 .data          0x00000000        0x0 c:/program files (x86)/atmel/studio/7.0/toolchain/avr8/avr8-gnu-toolchain/bin/../lib/gcc/avr/5.4.0/../../../../avr/lib/avr5\libm.a(fp_zero.o)
 .bss           0x00000000        0x0 c:/program files (x86)/atmel/studio/7.0/toolchain/avr8/avr8-gnu-toolchain/bin/../lib/gcc/avr/5.4.0/../../../../avr/lib/avr5\libm.a(fp_zero.o)
 .text          0x00000000        0x0 c:/program files (x86)/atmel/studio/7.0/toolchain/avr8/avr8-gnu-toolchain/bin/../lib/gcc/avr/5.4.0/../../../../avr/lib/avr5\libm.a(mulsf3.o)
 .data          0x00000000        0x0 c:/program files (x86)/atmel/studio/7.0/toolchain/avr8/avr8-gnu-toolchain/bin/../lib/gcc/avr/5.4.0/../../../../avr/lib/avr5\libm.a(mulsf3.o)
 .bss           0x00000000        0x0 c:/program files (x86)/atmel/studio/7.0/toolchain/avr8/avr8-gnu-toolchain/bin/../lib/gcc/avr/5.4.0/../../../../avr/lib/avr5\libm.a(mulsf3.o)
 .text          0x00000000        0x0 c:/program files (x86)/atmel/studio/7.0/toolchain/avr8/avr8-gnu-toolchain/bin/../lib/gcc/avr/5.4.0/../../../../avr/lib/avr5\libm.a(mulsf3x.o)
 .data          0x00000000        0x0 c:/program files (x86)/atmel/studio/7.0/toolchain/avr8/avr8-gnu-toolchain/bin/../lib/gcc/avr/5.4.0/../../../../avr/lib/avr5\libm.a(mulsf3x.o)
 .bss           0x00000000        0x0 c:/program files (x86)/atmel/studio/7.0/toolchain/avr8/avr8-gnu-toolchain/bin/../lib/gcc/avr/5.4.0/../../../../avr/lib/avr5\libm.a(mulsf3x.o)
 .text          0x00000000        0x0 c:/program files (x86)/atmel/studio/7.0/toolchain/avr8/avr8-gnu-toolchain/bin/../lib/gcc/avr/5.4.0/avr5\libgcc.a(_exit.o)
 .data          0x00000000        0x0 c:/program files (x86)/atmel/studio/7.0/toolchain/avr8/avr8-gnu-toolchain/bin/../lib/gcc/avr/5.4.0/avr5\libgcc.a(_exit.o)
 .bss           0x00000000        0x0 c:/program files (x86)/atmel/studio/7.0/toolchain/avr8/avr8-gnu-toolchain/bin/../lib/gcc/avr/5.4.0/avr5\libgcc.a(_exit.o)
 .text.libgcc.mul
                0x00000000        0x0 c:/program files (x86)/atmel/studio/7.0/toolchain/avr8/avr8-gnu-toolchain/bin/../lib/gcc/avr/5.4.0/avr5\libgcc.a(_exit.o)
 .text.libgcc.div
                0x00000000        0x0 c:/program files (x86)/atmel/studio/7.0/toolchain/avr8/avr8-gnu-toolchain/bin/../lib/gcc/avr/5.4.0/avr5\libgcc.a(_exit.o)
 .text.libgcc   0x00000000        0x0 c:/program files (x86)/atmel/studio/7.0/toolchain/avr8/avr8-gnu-toolchain/bin/../lib/gcc/avr/5.4.0/avr5\libgcc.a(_exit.o)
 .text.libgcc.prologue
                0x00000000        0x0 c:/program files (x86)/atmel/studio/7.0/toolchain/avr8/avr8-gnu-toolchain/bin/../lib/gcc/avr/5.4.0/avr5\libgcc.a(_exit.o)
 .text.libgcc.builtins
                0x00000000        0x0 c:/program files (x86)/atmel/studio/7.0/toolchain/avr8/avr8-gnu-toolchain/bin/../lib/gcc/avr/5.4.0/avr5\libgcc.a(_exit.o)
 .text.libgcc.fmul
                0x00000000        0x0 c:/program files (x86)/atmel/studio/7.0/toolchain/avr8/avr8-gnu-toolchain/bin/../lib/gcc/avr/5.4.0/avr5\libgcc.a(_exit.o)
 .text.libgcc.fixed
                0x00000000        0x0 c:/program files (x86)/atmel/studio/7.0/toolchain/avr8/avr8-gnu-toolchain/bin/../lib/gcc/avr/5.4.0/avr5\libgcc.a(_exit.o)
 .text          0x00000000        0x0 c:/program files (x86)/atmel/studio/7.0/toolchain/avr8/avr8-gnu-toolchain/bin/../lib/gcc/avr/5.4.0/avr5\libgcc.a(_tablejump2.o)
 .data          0x00000000        0x0 c:/program files (x86)/atmel/studio/7.0/toolchain/avr8/avr8-gnu-toolchain/bin/../lib/gcc/avr/5.4.0/avr5\libgcc.a(_tablejump2.o)
 .bss           0x00000000        0x0 c:/program files (x86)/atmel/studio/7.0/toolchain/avr8/avr8-gnu-toolchain/bin/../lib/gcc/avr/5.4.0/avr5\libgcc.a(_tablejump2.o)
 .text.libgcc.mul
                0x00000000        0x0 c:/program files (x86)/atmel/studio/7.0/toolchain/avr8/avr8-gnu-toolchain/bin/../lib/gcc/avr/5.4.0/avr5\libgcc.a(_tablejump2.o)
 .text.libgcc.div
                0x00000000        0x0 c:/program files (x86)/atmel/studio/7.0/toolchain/avr8/avr8-gnu-toolchain/bin/../lib/gcc/avr/5.4.0/avr5\libgcc.a(_tablejump2.o)
 .text.libgcc.prologue
                0x00000000        0x0 c:/program files (x86)/atmel/studio/7.0/toolchain/avr8/avr8-gnu-toolchain/bin/../lib/gcc/avr/5.4.0/avr5\libgcc.a(_tablejump2.o)
 .text.libgcc.builtins
                0x00000000        0x0 c:/program files (x86)/atmel/studio/7.0/toolchain/avr8/avr8-gnu-toolchain/bin/../lib/gcc/avr/5.4.0/avr5\libgcc.a(_tablejump2.o)
 .text.libgcc.fmul
                0x00000000        0x0 c:/program files (x86)/atmel/studio/7.0/toolchain/avr8/avr8-gnu-toolchain/bin/../lib/gcc/avr/5.4.0/avr5\libgcc.a(_tablejump2.o)
 .text.libgcc.fixed
                0x00000000        0x0 c:/program files (x86)/atmel/studio/7.0/toolchain/avr8/avr8-gnu-toolchain/bin/../lib/gcc/avr/5.4.0/avr5\libgcc.a(_tablejump2.o)
 .text          0x00000000        0x0 c:/program files (x86)/atmel/studio/7.0/toolchain/avr8/avr8-gnu-toolchain/bin/../lib/gcc/avr/5.4.0/avr5\libgcc.a(_copy_data.o)
 .data          0x00000000        0x0 c:/program files (x86)/atmel/studio/7.0/toolchain/avr8/avr8-gnu-toolchain/bin/../lib/gcc/avr/5.4.0/avr5\libgcc.a(_copy_data.o)
 .bss           0x00000000        0x0 c:/program files (x86)/atmel/studio/7.0/toolchain/avr8/avr8-gnu-toolchain/bin/../lib/gcc/avr/5.4.0/avr5\libgcc.a(_copy_data.o)
 .text.libgcc.mul
                0x00000000        0x0 c:/program files (x86)/atmel/studio/7.0/toolchain/avr8/avr8-gnu-toolchain/bin/../lib/gcc/avr/5.4.0/avr5\libgcc.a(_copy_data.o)
 .text.libgcc.div
                0x00000000        0x0 c:/program files (x86)/atmel/studio/7.0/toolchain/avr8/avr8-gnu-toolchain/bin/../lib/gcc/avr/5.4.0/avr5\libgcc.a(_copy_data.o)
 .text.libgcc   0x00000000        0x0 c:/program files (x86)/atmel/studio/7.0/toolchain/avr8/avr8-gnu-toolchain/bin/../lib/gcc/avr/5.4.0/avr5\libgcc.a(_copy_data.o)
 .text.libgcc.prologue
                0x00000000        0x0 c:/program files (x86)/atmel/studio/7.0/toolchain/avr8/avr8-gnu-toolchain/bin/../lib/gcc/avr/5.4.0/avr5\libgcc.a(_copy_data.o)
 .text.libgcc.builtins
                0x00000000        0x0 c:/program files (x86)/atmel/studio/7.0/toolchain/avr8/avr8-gnu-toolchain/bin/../lib/gcc/avr/5.4.0/avr5\libgcc.a(_copy_data.o)
 .text.libgcc.fmul
                0x00000000        0x0 c:/program files (x86)/atmel/studio/7.0/toolchain/avr8/avr8-gnu-toolchain/bin/../lib/gcc/avr/5.4.0/avr5\libgcc.a(_copy_data.o)
 .text.libgcc.fixed
                0x00000000        0x0 c:/program files (x86)/atmel/studio/7.0/toolchain/avr8/avr8-gnu-toolchain/bin/../lib/gcc/avr/5.4.0/avr5\libgcc.a(_copy_data.o)
 .text          0x00000000        0x0 c:/program files (x86)/atmel/studio/7.0/toolchain/avr8/avr8-gnu-toolchain/bin/../lib/gcc/avr/5.4.0/avr5\libgcc.a(_clear_bss.o)
 .data          0x00000000        0x0 c:/program files (x86)/atmel/studio/7.0/toolchain/avr8/avr8-gnu-toolchain/bin/../lib/gcc/avr/5.4.0/avr5\libgcc.a(_clear_bss.o)
 .bss           0x00000000        0x0 c:/program files (x86)/atmel/studio/7.0/toolchain/avr8/avr8-gnu-toolchain/bin/../lib/gcc/avr/5.4.0/avr5\libgcc.a(_clear_bss.o)
 .text.libgcc.mul
                0x00000000        0x0 c:/program files (x86)/atmel/studio/7.0/toolchain/avr8/avr8-gnu-toolchain/bin/../lib/gcc/avr/5.4.0/avr5\libgcc.a(_clear_bss.o)
 .text.libgcc.div
                0x00000000        0x0 c:/program files (x86)/atmel/studio/7.0/toolchain/avr8/avr8-gnu-toolchain/bin/../lib/gcc/avr/5.4.0/avr5\libgcc.a(_clear_bss.o)
 .text.libgcc   0x00000000        0x0 c:/program files (x86)/atmel/studio/7.0/toolchain/avr8/avr8-gnu-toolchain/bin/../lib/gcc/avr/5.4.0/avr5\libgcc.a(_clear_bss.o)
 .text.libgcc.prologue
                0x00000000        0x0 c:/program files (x86)/atmel/studio/7.0/toolchain/avr8/avr8-gnu-toolchain/bin/../lib/gcc/avr/5.4.0/avr5\libgcc.a(_clear_bss.o)
 .text.libgcc.builtins
                0x00000000        0x0 c:/program files (x86)/atmel/studio/7.0/toolchain/avr8/avr8-gnu-toolchain/bin/../lib/gcc/avr/5.4.0/avr5\libgcc.a(_clear_bss.o)
 .text.libgcc.fmul
                0x00000000        0x0 c:/program files (x86)/atmel/studio/7.0/toolchain/avr8/avr8-gnu-toolchain/bin/../lib/gcc/avr/5.4.0/avr5\libgcc.a(_clear_bss.o)
 .text.libgcc.fixed
                0x00000000        0x0 c:/program files (x86)/atmel/studio/7.0/toolchain/avr8/avr8-gnu-toolchain/bin/../lib/gcc/avr/5.4.0/avr5\libgcc.a(_clear_bss.o)
 .text          0x00000000        0x0 c:/program files (x86)/atmel/studio/7.0/toolchain/avr8/avr8-gnu-toolchain/bin/../lib/gcc/avr/5.4.0/../../../../avr/lib/avr5\libc.a(strcmp.o)
 .data          0x00000000        0x0 c:/program files (x86)/atmel/studio/7.0/toolchain/avr8/avr8-gnu-toolchain/bin/../lib/gcc/avr/5.4.0/../../../../avr/lib/avr5\libc.a(strcmp.o)
 .bss           0x00000000        0x0 c:/program files (x86)/atmel/studio/7.0/toolchain/avr8/avr8-gnu-toolchain/bin/../lib/gcc/avr/5.4.0/../../../../avr/lib/avr5\libc.a(strcmp.o)
 .text          0x00000000        0x0 c:/program files (x86)/atmel/studio/7.0/toolchain/avr8/avr8-gnu-toolchain/bin/../lib/gcc/avr/5.4.0/../../../../avr/lib/avr5\libc.a(strcpy.o)
 .data          0x00000000        0x0 c:/program files (x86)/atmel/studio/7.0/toolchain/avr8/avr8-gnu-toolchain/bin/../lib/gcc/avr/5.4.0/../../../../avr/lib/avr5\libc.a(strcpy.o)
 .bss           0x00000000        0x0 c:/program files (x86)/atmel/studio/7.0/toolchain/avr8/avr8-gnu-toolchain/bin/../lib/gcc/avr/5.4.0/../../../../avr/lib/avr5\libc.a(strcpy.o)
 .text          0x00000000        0x0 c:/program files (x86)/atmel/studio/7.0/toolchain/avr8/avr8-gnu-toolchain/bin/../lib/gcc/avr/5.4.0/../../../../avr/lib/avr5\libc.a(sprintf.o)
 .data          0x00000000        0x0 c:/program files (x86)/atmel/studio/7.0/toolchain/avr8/avr8-gnu-toolchain/bin/../lib/gcc/avr/5.4.0/../../../../avr/lib/avr5\libc.a(sprintf.o)
 .bss           0x00000000        0x0 c:/program files (x86)/atmel/studio/7.0/toolchain/avr8/avr8-gnu-toolchain/bin/../lib/gcc/avr/5.4.0/../../../../avr/lib/avr5\libc.a(sprintf.o)
 .text          0x00000000        0x0 c:/program files (x86)/atmel/studio/7.0/toolchain/avr8/avr8-gnu-toolchain/bin/../lib/gcc/avr/5.4.0/../../../../avr/lib/avr5\libc.a(vfprintf_std.o)
 .data          0x00000000        0x0 c:/program files (x86)/atmel/studio/7.0/toolchain/avr8/avr8-gnu-toolchain/bin/../lib/gcc/avr/5.4.0/../../../../avr/lib/avr5\libc.a(vfprintf_std.o)
 .bss           0x00000000        0x0 c:/program files (x86)/atmel/studio/7.0/toolchain/avr8/avr8-gnu-toolchain/bin/../lib/gcc/avr/5.4.0/../../../../avr/lib/avr5\libc.a(vfprintf_std.o)
 .text          0x00000000        0x0 c:/program files (x86)/atmel/studio/7.0/toolchain/avr8/avr8-gnu-toolchain/bin/../lib/gcc/avr/5.4.0/../../../../avr/lib/avr5\libc.a(strnlen_P.o)
 .data          0x00000000        0x0 c:/program files (x86)/atmel/studio/7.0/toolchain/avr8/avr8-gnu-toolchain/bin/../lib/gcc/avr/5.4.0/../../../../avr/lib/avr5\libc.a(strnlen_P.o)
 .bss           0x00000000        0x0 c:/program files (x86)/atmel/studio/7.0/toolchain/avr8/avr8-gnu-toolchain/bin/../lib/gcc/avr/5.4.0/../../../../avr/lib/avr5\libc.a(strnlen_P.o)
 .text          0x00000000        0x0 c:/program files (x86)/atmel/studio/7.0/toolchain/avr8/avr8-gnu-toolchain/bin/../lib/gcc/avr/5.4.0/../../../../avr/lib/avr5\libc.a(strnlen.o)
 .data          0x00000000        0x0 c:/program files (x86)/atmel/studio/7.0/toolchain/avr8/avr8-gnu-toolchain/bin/../lib/gcc/avr/5.4.0/../../../../avr/lib/avr5\libc.a(strnlen.o)
 .bss           0x00000000        0x0 c:/program files (x86)/atmel/studio/7.0/toolchain/avr8/avr8-gnu-toolchain/bin/../lib/gcc/avr/5.4.0/../../../../avr/lib/avr5\libc.a(strnlen.o)
 .text          0x00000000        0x0 c:/program files (x86)/atmel/studio/7.0/toolchain/avr8/avr8-gnu-toolchain/bin/../lib/gcc/avr/5.4.0/../../../../avr/lib/avr5\libc.a(fputc.o)
 .data          0x00000000        0x0 c:/program files (x86)/atmel/studio/7.0/toolchain/avr8/avr8-gnu-toolchain/bin/../lib/gcc/avr/5.4.0/../../../../avr/lib/avr5\libc.a(fputc.o)
 .bss           0x00000000        0x0 c:/program files (x86)/atmel/studio/7.0/toolchain/avr8/avr8-gnu-toolchain/bin/../lib/gcc/avr/5.4.0/../../../../avr/lib/avr5\libc.a(fputc.o)
 .text          0x00000000        0x0 c:/program files (x86)/atmel/studio/7.0/toolchain/avr8/avr8-gnu-toolchain/bin/../lib/gcc/avr/5.4.0/../../../../avr/lib/avr5\libc.a(ultoa_invert.o)
 .data          0x00000000        0x0 c:/program files (x86)/atmel/studio/7.0/toolchain/avr8/avr8-gnu-toolchain/bin/../lib/gcc/avr/5.4.0/../../../../avr/lib/avr5\libc.a(ultoa_invert.o)
 .bss           0x00000000        0x0 c:/program files (x86)/atmel/studio/7.0/toolchain/avr8/avr8-gnu-toolchain/bin/../lib/gcc/avr/5.4.0/../../../../avr/lib/avr5\libc.a(ultoa_invert.o)
 .text          0x00000000        0x0 c:/program files (x86)/atmel/studio/7.0/toolchain/avr8/avr8-gnu-toolchain/bin/../lib/gcc/avr/5.4.0/avr5\libgcc.a(_prologue.o)
 .data          0x00000000        0x0 c:/program files (x86)/atmel/studio/7.0/toolchain/avr8/avr8-gnu-toolchain/bin/../lib/gcc/avr/5.4.0/avr5\libgcc.a(_prologue.o)
 .bss           0x00000000        0x0 c:/program files (x86)/atmel/studio/7.0/toolchain/avr8/avr8-gnu-toolchain/bin/../lib/gcc/avr/5.4.0/avr5\libgcc.a(_prologue.o)
 .text.libgcc.mul
                0x00000000        0x0 c:/program files (x86)/atmel/studio/7.0/toolchain/avr8/avr8-gnu-toolchain/bin/../lib/gcc/avr/5.4.0/avr5\libgcc.a(_prologue.o)
 .text.libgcc.div
                0x00000000        0x0 c:/program files (x86)/atmel/studio/7.0/toolchain/avr8/avr8-gnu-toolchain/bin/../lib/gcc/avr/5.4.0/avr5\libgcc.a(_prologue.o)
 .text.libgcc   0x00000000        0x0 c:/program files (x86)/atmel/studio/7.0/toolchain/avr8/avr8-gnu-toolchain/bin/../lib/gcc/avr/5.4.0/avr5\libgcc.a(_prologue.o)
 .text.libgcc.builtins
                0x00000000        0x0 c:/program files (x86)/atmel/studio/7.0/toolchain/avr8/avr8-gnu-toolchain/bin/../lib/gcc/avr/5.4.0/avr5\libgcc.a(_prologue.o)
 .text.libgcc.fmul
                0x00000000        0x0 c:/program files (x86)/atmel/studio/7.0/toolchain/avr8/avr8-gnu-toolchain/bin/../lib/gcc/avr/5.4.0/avr5\libgcc.a(_prologue.o)
 .text.libgcc.fixed
                0x00000000        0x0 c:/program files (x86)/atmel/studio/7.0/toolchain/avr8/avr8-gnu-toolchain/bin/../lib/gcc/avr/5.4.0/avr5\libgcc.a(_prologue.o)
 .text          0x00000000        0x0 c:/program files (x86)/atmel/studio/7.0/toolchain/avr8/avr8-gnu-toolchain/bin/../lib/gcc/avr/5.4.0/avr5\libgcc.a(_epilogue.o)
 .data          0x00000000        0x0 c:/program files (x86)/atmel/studio/7.0/toolchain/avr8/avr8-gnu-toolchain/bin/../lib/gcc/avr/5.4.0/avr5\libgcc.a(_epilogue.o)
 .bss           0x00000000        0x0 c:/program files (x86)/atmel/studio/7.0/toolchain/avr8/avr8-gnu-toolchain/bin/../lib/gcc/avr/5.4.0/avr5\libgcc.a(_epilogue.o)
 .text.libgcc.mul
                0x00000000        0x0 c:/program files (x86)/atmel/studio/7.0/toolchain/avr8/avr8-gnu-toolchain/bin/../lib/gcc/avr/5.4.0/avr5\libgcc.a(_epilogue.o)
 .text.libgcc.div
                0x00000000        0x0 c:/program files (x86)/atmel/studio/7.0/toolchain/avr8/avr8-gnu-toolchain/bin/../lib/gcc/avr/5.4.0/avr5\libgcc.a(_epilogue.o)
 .text.libgcc   0x00000000        0x0 c:/program files (x86)/atmel/studio/7.0/toolchain/avr8/avr8-gnu-toolchain/bin/../lib/gcc/avr/5.4.0/avr5\libgcc.a(_epilogue.o)
 .text.libgcc.builtins
                0x00000000        0x0 c:/program files (x86)/atmel/studio/7.0/toolchain/avr8/avr8-gnu-toolchain/bin/../lib/gcc/avr/5.4.0/avr5\libgcc.a(_epilogue.o)
 .text.libgcc.fmul
                0x00000000        0x0 c:/program files (x86)/atmel/studio/7.0/toolchain/avr8/avr8-gnu-toolchain/bin/../lib/gcc/avr/5.4.0/avr5\libgcc.a(_epilogue.o)
 .text.libgcc.fixed
                0x00000000        0x0 c:/program files (x86)/atmel/studio/7.0/toolchain/avr8/avr8-gnu-toolchain/bin/../lib/gcc/avr/5.4.0/avr5\libgcc.a(_epilogue.o)

Memory Configuration

Name             Origin             Length             Attributes
text             0x00000000         0x00008000         xr
data             0x00800060         0x00000800         rw !x
eeprom           0x00810000         0x00000400         rw !x
fuse             0x00820000         0x00000002         rw !x
lock             0x00830000         0x00000400         rw !x
signature        0x00840000         0x00000400         rw !x
user_signatures  0x00850000         0x00000400         rw !x
*default*        0x00000000         0xffffffff

Linker script and memory map

LOAD C:/Program Files (x86)/Atmel/Studio/7.0/Packs/atmel/ATmega_DFP/1.7.374/gcc/dev/atmega32a/avr5/crtatmega32a.o
LOAD Application/app.o
LOAD HAL/Buzzer/buzzer.o
LOAD HAL/EEPROM/eeprom.o
LOAD HAL/HC-05/hc_05.o
LOAD HAL/Keypad/keypad.o
LOAD HAL/LCD/lcd.o
LOAD HAL/LED/led.o
LOAD HAL/DC_motor/motor.o
LOAD HAL/LM35/lm35.o
LOAD HAL/Push_button/btn.o
LOAD HAL/Relay/relay.o
LOAD HAL/Servo/servo.o
LOAD main.o
LOAD MCAL/ADC/adc.o
LOAD MCAL/DIO/dio.o
LOAD MCAL/I2C/i2c.o
LOAD MCAL/Interrupts/interrupts.o
LOAD MCAL/Timer/timer.o
LOAD MCAL/UART/uart.o
LOAD Services/Door/door.o
LOAD Services/Lights/lights.o
LOAD Services/Local_access/local.o
LOAD Services/Remote_access/remote.o
LOAD Services/AC/ac.o
LOAD Services/User/user.o
START GROUP
LOAD c:/program files (x86)/atmel/studio/7.0/toolchain/avr8/avr8-gnu-toolchain/bin/../lib/gcc/avr/5.4.0/../../../../avr/lib/avr5\libm.a
END GROUP
START GROUP
LOAD c:/program files (x86)/atmel/studio/7.0/toolchain/avr8/avr8-gnu-toolchain/bin/../lib/gcc/avr/5.4.0/avr5\libgcc.a
LOAD c:/program files (x86)/atmel/studio/7.0/toolchain/avr8/avr8-gnu-toolchain/bin/../lib/gcc/avr/5.4.0/../../../../avr/lib/avr5\libm.a
LOAD c:/program files (x86)/atmel/studio/7.0/toolchain/avr8/avr8-gnu-toolchain/bin/../lib/gcc/avr/5.4.0/../../../../avr/lib/avr5\libc.a
LOAD C:/Program Files (x86)/Atmel/Studio/7.0/Packs/atmel/ATmega_DFP/1.7.374/gcc/dev/atmega32a/avr5\libatmega32a.a
END GROUP
                [0x00000000]                __TEXT_REGION_ORIGIN__ = DEFINED (__TEXT_REGION_ORIGIN__)?__TEXT_REGION_ORIGIN__:0x0
                [0x00800060]                __DATA_REGION_ORIGIN__ = DEFINED (__DATA_REGION_ORIGIN__)?__DATA_REGION_ORIGIN__:0x800060
                [0x00008000]                __TEXT_REGION_LENGTH__ = DEFINED (__TEXT_REGION_LENGTH__)?__TEXT_REGION_LENGTH__:0x20000
                [0x00000800]                __DATA_REGION_LENGTH__ = DEFINED (__DATA_REGION_LENGTH__)?__DATA_REGION_LENGTH__:0xffa0
                [0x00000400]                __EEPROM_REGION_LENGTH__ = DEFINED (__EEPROM_REGION_LENGTH__)?__EEPROM_REGION_LENGTH__:0x10000
                [0x00000002]                __FUSE_REGION_LENGTH__ = DEFINED (__FUSE_REGION_LENGTH__)?__FUSE_REGION_LENGTH__:0x400
                0x00000400                __LOCK_REGION_LENGTH__ = DEFINED (__LOCK_REGION_LENGTH__)?__LOCK_REGION_LENGTH__:0x400
                0x00000400                __SIGNATURE_REGION_LENGTH__ = DEFINED (__SIGNATURE_REGION_LENGTH__)?__SIGNATURE_REGION_LENGTH__:0x400
                0x00000400                __USER_SIGNATURE_REGION_LENGTH__ = DEFINED (__USER_SIGNATURE_REGION_LENGTH__)?__USER_SIGNATURE_REGION_LENGTH__:0x400

.hash
 *(.hash)

.dynsym
 *(.dynsym)

.dynstr
 *(.dynstr)

.gnu.version
 *(.gnu.version)

.gnu.version_d
 *(.gnu.version_d)

.gnu.version_r
 *(.gnu.version_r)

.rel.init
 *(.rel.init)

.rela.init
 *(.rela.init)

.rel.text
 *(.rel.text)
 *(.rel.text.*)
 *(.rel.gnu.linkonce.t*)

.rela.text
 *(.rela.text)
 *(.rela.text.*)
 *(.rela.gnu.linkonce.t*)

.rel.fini
 *(.rel.fini)

.rela.fini
 *(.rela.fini)

.rel.rodata
 *(.rel.rodata)
 *(.rel.rodata.*)
 *(.rel.gnu.linkonce.r*)

.rela.rodata
 *(.rela.rodata)
 *(.rela.rodata.*)
 *(.rela.gnu.linkonce.r*)

.rel.data
 *(.rel.data)
 *(.rel.data.*)
 *(.rel.gnu.linkonce.d*)

.rela.data
 *(.rela.data)
 *(.rela.data.*)
 *(.rela.gnu.linkonce.d*)

.rel.ctors
 *(.rel.ctors)

.rela.ctors
 *(.rela.ctors)

.rel.dtors
 *(.rel.dtors)

.rela.dtors
 *(.rela.dtors)

.rel.got
 *(.rel.got)

.rela.got
 *(.rela.got)

.rel.bss
 *(.rel.bss)

.rela.bss
 *(.rela.bss)

.rel.plt
 *(.rel.plt)

.rela.plt
 *(.rela.plt)

.text           0x00000000     0x33bc
 *(.vectors)
 .vectors       0x00000000       0x54 C:/Program Files (x86)/Atmel/Studio/7.0/Packs/atmel/ATmega_DFP/1.7.374/gcc/dev/atmega32a/avr5/crtatmega32a.o
                0x00000000                __vector_default
                0x00000000                __vectors
 *(.vectors)
 *(.progmem.gcc*)
 .progmem.gcc_sw_table.getCurrentStatus
                0x00000054       0xa2 MCAL/I2C/i2c.o
 .progmem.gcc_sw_table.Show_bottom_options_menu
                0x000000f6       0x14 Services/Local_access/local.o
                0x0000010a                . = ALIGN (0x2)
                0x0000010a                __trampolines_start = .
 *(.trampolines)
 .trampolines   0x0000010a        0x0 linker stubs
 *(.trampolines*)
                0x0000010a                __trampolines_end = .
 *libprintf_flt.a:*(.progmem.data)
 *libc.a:*(.progmem.data)
 *(.progmem*)
                0x0000010a                . = ALIGN (0x2)
 *(.jumptables)
 *(.jumptables*)
 *(.lowtext)
 *(.lowtext*)
                0x0000010a                __ctors_start = .
 *(.ctors)
                0x0000010a                __ctors_end = .
                0x0000010a                __dtors_start = .
 *(.dtors)
                0x0000010a                __dtors_end = .
 SORT(*)(.ctors)
 SORT(*)(.dtors)
 *(.init0)
 .init0         0x0000010a        0x0 C:/Program Files (x86)/Atmel/Studio/7.0/Packs/atmel/ATmega_DFP/1.7.374/gcc/dev/atmega32a/avr5/crtatmega32a.o
                0x0000010a                __init
 *(.init0)
 *(.init1)
 *(.init1)
 *(.init2)
 .init2         0x0000010a        0xc C:/Program Files (x86)/Atmel/Studio/7.0/Packs/atmel/ATmega_DFP/1.7.374/gcc/dev/atmega32a/avr5/crtatmega32a.o
 *(.init2)
 *(.init3)
 *(.init3)
 *(.init4)
 .init4         0x00000116       0x16 c:/program files (x86)/atmel/studio/7.0/toolchain/avr8/avr8-gnu-toolchain/bin/../lib/gcc/avr/5.4.0/avr5\libgcc.a(_copy_data.o)
                0x00000116                __do_copy_data
 .init4         0x0000012c       0x10 c:/program files (x86)/atmel/studio/7.0/toolchain/avr8/avr8-gnu-toolchain/bin/../lib/gcc/avr/5.4.0/avr5\libgcc.a(_clear_bss.o)
                0x0000012c                __do_clear_bss
 *(.init4)
 *(.init5)
 *(.init5)
 *(.init6)
 *(.init6)
 *(.init7)
 *(.init7)
 *(.init8)
 *(.init8)
 *(.init9)
 .init9         0x0000013c        0x8 C:/Program Files (x86)/Atmel/Studio/7.0/Packs/atmel/ATmega_DFP/1.7.374/gcc/dev/atmega32a/avr5/crtatmega32a.o
 *(.init9)
 *(.text)
 .text          0x00000144        0x4 C:/Program Files (x86)/Atmel/Studio/7.0/Packs/atmel/ATmega_DFP/1.7.374/gcc/dev/atmega32a/avr5/crtatmega32a.o
                0x00000144                __vector_12
                0x00000144                __bad_interrupt
                0x00000144                __vector_6
                0x00000144                __vector_3
                0x00000144                __vector_11
                0x00000144                __vector_17
                0x00000144                __vector_19
                0x00000144                __vector_7
                0x00000144                __vector_5
                0x00000144                __vector_4
                0x00000144                __vector_9
                0x00000144                __vector_2
                0x00000144                __vector_15
                0x00000144                __vector_8
                0x00000144                __vector_14
                0x00000144                __vector_10
                0x00000144                __vector_18
                0x00000144                __vector_20
                0x00000148                . = ALIGN (0x2)
 *(.text.*)
 .text.Buzzer_on
                0x00000148       0x12 HAL/Buzzer/buzzer.o
                0x00000148                Buzzer_on
 .text.EEPROM_init
                0x0000015a        0x6 HAL/EEPROM/eeprom.o
                0x0000015a                EEPROM_init
 .text.EEPROM_read_byte
                0x00000160       0x42 HAL/EEPROM/eeprom.o
                0x00000160                EEPROM_read_byte
 .text.EEPROM_read_block
                0x000001a2       0x6c HAL/EEPROM/eeprom.o
                0x000001a2                EEPROM_read_block
 .text.EEPROM_write_byte
                0x0000020e       0x3e HAL/EEPROM/eeprom.o
                0x0000020e                EEPROM_write_byte
 .text.EEPROM_write_block
                0x0000024c      0x16a HAL/EEPROM/eeprom.o
                0x0000024c                EEPROM_write_block
 .text.BT_sendChar
                0x000003b6        0x6 HAL/HC-05/hc_05.o
                0x000003b6                BT_sendChar
 .text.BT_sendString
                0x000003bc        0x6 HAL/HC-05/hc_05.o
                0x000003bc                BT_sendString
 .text.Keypad_init
                0x000003c2       0xa4 HAL/Keypad/keypad.o
                0x000003c2                Keypad_init
 .text.toggle_row
                0x00000466       0x38 HAL/Keypad/keypad.o
                0x00000466                toggle_row
 .text.check_col
                0x0000049e       0x40 HAL/Keypad/keypad.o
                0x0000049e                check_col
 .text.check_row
                0x000004de       0x40 HAL/Keypad/keypad.o
                0x000004de                check_row
 .text.Keypad_getPressedKey
                0x0000051e       0xe8 HAL/Keypad/keypad.o
                0x0000051e                Keypad_getPressedKey
 .text.LCD_sendEnablePulse
                0x00000606       0x1e HAL/LCD/lcd.o
                0x00000606                LCD_sendEnablePulse
 .text.LCD_write_4bits
                0x00000624       0x3e HAL/LCD/lcd.o
                0x00000624                LCD_write_4bits
 .text.LCD_sendData
                0x00000662       0x30 HAL/LCD/lcd.o
                0x00000662                LCD_sendData
 .text.LCD_sendCommand
                0x00000692       0x34 HAL/LCD/lcd.o
                0x00000692                LCD_sendCommand
 .text.LCD_clear_screen
                0x000006c6        0x8 HAL/LCD/lcd.o
                0x000006c6                LCD_clear_screen
 .text.LCD_init
                0x000006ce       0x80 HAL/LCD/lcd.o
                0x000006ce                LCD_init
 .text.LCD_write_string
                0x0000074e       0x3e HAL/LCD/lcd.o
                0x0000074e                LCD_write_string
 .text.LCD_move_cursor_xy
                0x0000078c       0x1a HAL/LCD/lcd.o
                0x0000078c                LCD_move_cursor_xy
 .text.LCD_write_string_xy
                0x000007a6       0x16 HAL/LCD/lcd.o
                0x000007a6                LCD_write_string_xy
 .text.LED_init
                0x000007bc       0x12 HAL/LED/led.o
                0x000007bc                LED_init
 .text.LED_on   0x000007ce       0x12 HAL/LED/led.o
                0x000007ce                LED_on
 .text.LED_off  0x000007e0       0x12 HAL/LED/led.o
                0x000007e0                LED_off
 .text.LED_toggle
                0x000007f2       0x10 HAL/LED/led.o
                0x000007f2                LED_toggle
 .text.Servo_move_to_angle
                0x00000802       0x30 HAL/Servo/servo.o
                0x00000802                Servo_move_to_angle
 .text.main     0x00000832       0x22 main.o
                0x00000832                main
 .text.isValidPinNumber
                0x00000854        0xc MCAL/DIO/dio.o
                0x00000854                isValidPinNumber
 .text.isValidPortNumber
                0x00000860        0xe MCAL/DIO/dio.o
                0x00000860                isValidPortNumber
 .text.isValidDirection
                0x0000086e        0xc MCAL/DIO/dio.o
                0x0000086e                isValidDirection
 .text.isValidState
                0x0000087a        0xc MCAL/DIO/dio.o
                0x0000087a                isValidState
 .text.DIO_init
                0x00000886      0x134 MCAL/DIO/dio.o
                0x00000886                DIO_init
 .text.DIO_write
                0x000009ba      0x134 MCAL/DIO/dio.o
                0x000009ba                DIO_write
 .text.DIO_Read
                0x00000aee       0xac MCAL/DIO/dio.o
                0x00000aee                DIO_Read
 .text.DIO_toggle
                0x00000b9a       0xa2 MCAL/DIO/dio.o
                0x00000b9a                DIO_toggle
 .text.getCurrentStatus
                0x00000c3c       0x4c MCAL/I2C/i2c.o
                0x00000c3c                getCurrentStatus
 .text.I2C_init
                0x00000c88        0x8 MCAL/I2C/i2c.o
                0x00000c88                I2C_init
 .text.I2C_start
                0x00000c90       0x10 MCAL/I2C/i2c.o
                0x00000c90                I2C_start
 .text.I2C_write
                0x00000ca0       0x12 MCAL/I2C/i2c.o
                0x00000ca0                I2C_write
 .text.I2C_read_Ack
                0x00000cb2       0x16 MCAL/I2C/i2c.o
                0x00000cb2                I2C_read_Ack
 .text.I2C_read_Nack
                0x00000cc8       0x16 MCAL/I2C/i2c.o
                0x00000cc8                I2C_read_Nack
 .text.I2C_stop
                0x00000cde        0xc MCAL/I2C/i2c.o
                0x00000cde                I2C_stop
 .text.isValidTimer
                0x00000cea        0xc MCAL/Timer/timer.o
                0x00000cea                isValidTimer
 .text.set_prescalar
                0x00000cf6      0x30e MCAL/Timer/timer.o
                0x00000cf6                set_prescalar
 .text.Timer_start
                0x00001004       0x28 MCAL/Timer/timer.o
                0x00001004                Timer_start
 .text.PWM_OCP_disconnect
                0x0000102c       0x5c MCAL/Timer/timer.o
                0x0000102c                PWM_OCP_disconnect
 .text.PWM_OCP_connect
                0x00001088       0x5c MCAL/Timer/timer.o
                0x00001088                PWM_OCP_connect
 .text.PWM_init
                0x000010e4      0x14e MCAL/Timer/timer.o
                0x000010e4                PWM_init
 .text.PWM_set_DC
                0x00001232       0x7e MCAL/Timer/timer.o
                0x00001232                PWM_set_DC
 .text.UART_sendChar
                0x000012b0        0xc MCAL/UART/uart.o
                0x000012b0                UART_sendChar
 .text.UART_sendString
                0x000012bc       0x42 MCAL/UART/uart.o
                0x000012bc                UART_sendString
 .text.Door_open
                0x000012fe        0x8 Services/Door/door.o
                0x000012fe                Door_open
 .text.Door_close
                0x00001306        0x8 Services/Door/door.o
                0x00001306                Door_close
 .text.Lamps_init
                0x0000130e       0x4a Services/Lights/lights.o
                0x0000130e                Lamps_init
 .text.Lamp_on  0x00001358       0x56 Services/Lights/lights.o
                0x00001358                Lamp_on
 .text.Lamp_off
                0x000013ae       0x56 Services/Lights/lights.o
                0x000013ae                Lamp_off
 .text.Lamp_toggle
                0x00001404       0x64 Services/Lights/lights.o
                0x00001404                Lamp_toggle
 .text.Lamp_dimmable_set_brightness
                0x00001468        0xc Services/Lights/lights.o
                0x00001468                Lamp_dimmable_set_brightness
 .text.Local_access_init
                0x00001474        0xe Services/Local_access/local.o
                0x00001474                Local_access_init
 .text.Get_running_devices
                0x00001482       0x46 Services/Local_access/local.o
                0x00001482                Get_running_devices
 .text.Show_bottom_options_menu
                0x000014c8       0xa2 Services/Local_access/local.o
                0x000014c8                Show_bottom_options_menu
 .text.Show_side_options_menu
                0x0000156a       0x1a Services/Local_access/local.o
                0x0000156a                Show_side_options_menu
 .text.Show_running_devices
                0x00001584       0xf0 Services/Local_access/local.o
                0x00001584                Show_running_devices
 .text.Show_devices_controls
                0x00001674      0x124 Services/Local_access/local.o
                0x00001674                Show_devices_controls
 .text.invalid_local_login_attempt
                0x00001798       0xa2 Services/Local_access/local.o
                0x00001798                invalid_local_login_attempt
 .text.Local_control_input_handler
                0x0000183a      0x492 Services/Local_access/local.o
                0x0000183a                Local_control_input_handler
 .text.println_msg
                0x00001ccc        0xe Services/Remote_access/remote.o
                0x00001ccc                println_msg
 .text.print_msg
                0x00001cda        0x6 Services/Remote_access/remote.o
                0x00001cda                print_msg
 .text.request_user_input
                0x00001ce0       0x16 Services/Remote_access/remote.o
                0x00001ce0                request_user_input
 .text.print_remote_control_menu
                0x00001cf6       0x4a Services/Remote_access/remote.o
                0x00001cf6                print_remote_control_menu
 .text.control_device
                0x00001d40       0xb2 Services/Remote_access/remote.o
                0x00001d40                control_device
 .text.remote_control
                0x00001df2       0xb4 Services/Remote_access/remote.o
                0x00001df2                remote_control
 .text.print_initial_options_menu
                0x00001ea6       0x4c Services/Remote_access/remote.o
                0x00001ea6                print_initial_options_menu
 .text.delete_user_prompt
                0x00001ef2       0x68 Services/Remote_access/remote.o
                0x00001ef2                delete_user_prompt
 .text.initial_options_menu
                0x00001f5a      0x102 Services/Remote_access/remote.o
                0x00001f5a                initial_options_menu
 .text.add_user_isAdmin_prompt
                0x0000205c       0x5a Services/Remote_access/remote.o
                0x0000205c                add_user_isAdmin_prompt
 .text.add_user_password_prompt
                0x000020b6       0x40 Services/Remote_access/remote.o
                0x000020b6                add_user_password_prompt
 .text.add_user_code_prompt
                0x000020f6       0x68 Services/Remote_access/remote.o
                0x000020f6                add_user_code_prompt
 .text.add_user_prompt
                0x0000215e       0x68 Services/Remote_access/remote.o
                0x0000215e                add_user_prompt
 .text.invalid_remote_login_attempt
                0x000021c6       0x7e Services/Remote_access/remote.o
                0x000021c6                invalid_remote_login_attempt
 .text.userPassword_prompt_handler
                0x00002244       0x7e Services/Remote_access/remote.o
                0x00002244                userPassword_prompt_handler
 .text.userName_prompt_handler
                0x000022c2       0x64 Services/Remote_access/remote.o
                0x000022c2                userName_prompt_handler
 .text.remote_login_prompt
                0x00002326       0x24 Services/Remote_access/remote.o
                0x00002326                remote_login_prompt
 .text.__vector_13
                0x0000234a       0xee Services/Remote_access/remote.o
                0x0000234a                __vector_13
 .text.__vector_1
                0x00002438       0x48 Services/Remote_access/remote.o
                0x00002438                __vector_1
 .text.__vector_16
                0x00002480       0x80 Services/AC/ac.o
                0x00002480                __vector_16
 .text.User_DB_init
                0x00002500        0x6 Services/User/user.o
                0x00002500                User_DB_init
 .text.getUserByName
                0x00002506      0x132 Services/User/user.o
                0x00002506                getUserByName
 .text.getUserByCode
                0x00002638      0x132 Services/User/user.o
                0x00002638                getUserByCode
 .text.Alarm_set
                0x0000276a        0xa Services/User/user.o
                0x0000276a                Alarm_set
 .text.write_user
                0x00002774       0xc8 Services/User/user.o
                0x00002774                write_user
 .text.add_user
                0x0000283c       0x76 Services/User/user.o
                0x0000283c                add_user
 .text.delete_user
                0x000028b2       0xe6 Services/User/user.o
                0x000028b2                delete_user
 .text.avr-libc.fplib
                0x00002998        0xe c:/program files (x86)/atmel/studio/7.0/toolchain/avr8/avr8-gnu-toolchain/bin/../lib/gcc/avr/5.4.0/../../../../avr/lib/avr5\libm.a(addsf3.o)
                0x00002998                __subsf3
                0x0000299a                __addsf3
 .text.avr-libc.fplib
                0x000029a6       0xcc c:/program files (x86)/atmel/studio/7.0/toolchain/avr8/avr8-gnu-toolchain/bin/../lib/gcc/avr/5.4.0/../../../../avr/lib/avr5\libm.a(addsf3x.o)
                0x000029c8                __addsf3x
 .text.avr-libc.fplib
                0x00002a72        0x8 c:/program files (x86)/atmel/studio/7.0/toolchain/avr8/avr8-gnu-toolchain/bin/../lib/gcc/avr/5.4.0/../../../../avr/lib/avr5\libm.a(divsf3.o)
                0x00002a72                __divsf3
 .text.avr-libc.fplib
                0x00002a7a       0xdc c:/program files (x86)/atmel/studio/7.0/toolchain/avr8/avr8-gnu-toolchain/bin/../lib/gcc/avr/5.4.0/../../../../avr/lib/avr5\libm.a(divsf3x.o)
                0x00002a9a                __divsf3x
                0x00002aa0                __divsf3_pse
 .text.avr-libc.fplib
                0x00002b56        0xe c:/program files (x86)/atmel/studio/7.0/toolchain/avr8/avr8-gnu-toolchain/bin/../lib/gcc/avr/5.4.0/../../../../avr/lib/avr5\libm.a(fixsfsi.o)
                0x00002b56                __fixsfsi
 .text.avr-libc.fplib
                0x00002b64       0x5e c:/program files (x86)/atmel/studio/7.0/toolchain/avr8/avr8-gnu-toolchain/bin/../lib/gcc/avr/5.4.0/../../../../avr/lib/avr5\libm.a(fixunssfsi.o)
                0x00002b64                __fixunssfsi
 .text.avr-libc.fplib
                0x00002bc2       0x7a c:/program files (x86)/atmel/studio/7.0/toolchain/avr8/avr8-gnu-toolchain/bin/../lib/gcc/avr/5.4.0/../../../../avr/lib/avr5\libm.a(floatsisf.o)
                0x00002bc2                __floatunsisf
                0x00002bc6                __floatsisf
 .text.avr-libc.fplib
                0x00002c3c        0xc c:/program files (x86)/atmel/studio/7.0/toolchain/avr8/avr8-gnu-toolchain/bin/../lib/gcc/avr/5.4.0/../../../../avr/lib/avr5\libm.a(fp_inf.o)
                0x00002c3c                __fp_inf
 .text.avr-libc.fplib
                0x00002c48        0x6 c:/program files (x86)/atmel/studio/7.0/toolchain/avr8/avr8-gnu-toolchain/bin/../lib/gcc/avr/5.4.0/../../../../avr/lib/avr5\libm.a(fp_nan.o)
                0x00002c48                __fp_nan
 .text.avr-libc.fplib
                0x00002c4e        0xe c:/program files (x86)/atmel/studio/7.0/toolchain/avr8/avr8-gnu-toolchain/bin/../lib/gcc/avr/5.4.0/../../../../avr/lib/avr5\libm.a(fp_pscA.o)
                0x00002c4e                __fp_pscA
 .text.avr-libc.fplib
                0x00002c5c        0xe c:/program files (x86)/atmel/studio/7.0/toolchain/avr8/avr8-gnu-toolchain/bin/../lib/gcc/avr/5.4.0/../../../../avr/lib/avr5\libm.a(fp_pscB.o)
                0x00002c5c                __fp_pscB
 .text.avr-libc.fplib
                0x00002c6a       0x22 c:/program files (x86)/atmel/studio/7.0/toolchain/avr8/avr8-gnu-toolchain/bin/../lib/gcc/avr/5.4.0/../../../../avr/lib/avr5\libm.a(fp_round.o)
                0x00002c6a                __fp_round
 .text.avr-libc.fplib
                0x00002c8c       0x44 c:/program files (x86)/atmel/studio/7.0/toolchain/avr8/avr8-gnu-toolchain/bin/../lib/gcc/avr/5.4.0/../../../../avr/lib/avr5\libm.a(fp_split3.o)
                0x00002c8c                __fp_split3
                0x00002c9c                __fp_splitA
 .text.avr-libc.fplib
                0x00002cd0        0xe c:/program files (x86)/atmel/studio/7.0/toolchain/avr8/avr8-gnu-toolchain/bin/../lib/gcc/avr/5.4.0/../../../../avr/lib/avr5\libm.a(fp_zero.o)
                0x00002cd0                __fp_zero
                0x00002cd2                __fp_szero
 .text.avr-libc.fplib
                0x00002cde        0x8 c:/program files (x86)/atmel/studio/7.0/toolchain/avr8/avr8-gnu-toolchain/bin/../lib/gcc/avr/5.4.0/../../../../avr/lib/avr5\libm.a(mulsf3.o)
                0x00002cde                __mulsf3
 .text.avr-libc.fplib
                0x00002ce6       0xd2 c:/program files (x86)/atmel/studio/7.0/toolchain/avr8/avr8-gnu-toolchain/bin/../lib/gcc/avr/5.4.0/../../../../avr/lib/avr5\libm.a(mulsf3x.o)
                0x00002d04                __mulsf3x
                0x00002d0a                __mulsf3_pse
 .text.libgcc   0x00002db8        0xc c:/program files (x86)/atmel/studio/7.0/toolchain/avr8/avr8-gnu-toolchain/bin/../lib/gcc/avr/5.4.0/avr5\libgcc.a(_tablejump2.o)
                0x00002db8                __tablejump2__
 .text.avr-libc
                0x00002dc4       0x12 c:/program files (x86)/atmel/studio/7.0/toolchain/avr8/avr8-gnu-toolchain/bin/../lib/gcc/avr/5.4.0/../../../../avr/lib/avr5\libc.a(strcmp.o)
                0x00002dc4                strcmp
 .text.avr-libc
                0x00002dd6        0xe c:/program files (x86)/atmel/studio/7.0/toolchain/avr8/avr8-gnu-toolchain/bin/../lib/gcc/avr/5.4.0/../../../../avr/lib/avr5\libc.a(strcpy.o)
                0x00002dd6                strcpy
 .text.avr-libc
                0x00002de4       0x44 c:/program files (x86)/atmel/studio/7.0/toolchain/avr8/avr8-gnu-toolchain/bin/../lib/gcc/avr/5.4.0/../../../../avr/lib/avr5\libc.a(sprintf.o)
                0x00002de4                sprintf
 .text.avr-libc
                0x00002e28      0x3c2 c:/program files (x86)/atmel/studio/7.0/toolchain/avr8/avr8-gnu-toolchain/bin/../lib/gcc/avr/5.4.0/../../../../avr/lib/avr5\libc.a(vfprintf_std.o)
                0x00002e28                vfprintf
 .text.avr-libc
                0x000031ea       0x16 c:/program files (x86)/atmel/studio/7.0/toolchain/avr8/avr8-gnu-toolchain/bin/../lib/gcc/avr/5.4.0/../../../../avr/lib/avr5\libc.a(strnlen_P.o)
                0x000031ea                strnlen_P
 .text.avr-libc
                0x00003200       0x16 c:/program files (x86)/atmel/studio/7.0/toolchain/avr8/avr8-gnu-toolchain/bin/../lib/gcc/avr/5.4.0/../../../../avr/lib/avr5\libc.a(strnlen.o)
                0x00003200                strnlen
 .text.avr-libc
                0x00003216       0x78 c:/program files (x86)/atmel/studio/7.0/toolchain/avr8/avr8-gnu-toolchain/bin/../lib/gcc/avr/5.4.0/../../../../avr/lib/avr5\libc.a(fputc.o)
                0x00003216                fputc
 .text.avr-libc
                0x0000328e       0xbc c:/program files (x86)/atmel/studio/7.0/toolchain/avr8/avr8-gnu-toolchain/bin/../lib/gcc/avr/5.4.0/../../../../avr/lib/avr5\libc.a(ultoa_invert.o)
                0x0000328e                __ultoa_invert
 .text.libgcc.prologue
                0x0000334a       0x38 c:/program files (x86)/atmel/studio/7.0/toolchain/avr8/avr8-gnu-toolchain/bin/../lib/gcc/avr/5.4.0/avr5\libgcc.a(_prologue.o)
                0x0000334a                __prologue_saves__
 .text.libgcc.prologue
                0x00003382       0x36 c:/program files (x86)/atmel/studio/7.0/toolchain/avr8/avr8-gnu-toolchain/bin/../lib/gcc/avr/5.4.0/avr5\libgcc.a(_epilogue.o)
                0x00003382                __epilogue_restores__
                0x000033b8                . = ALIGN (0x2)
 *(.fini9)
 .fini9         0x000033b8        0x0 c:/program files (x86)/atmel/studio/7.0/toolchain/avr8/avr8-gnu-toolchain/bin/../lib/gcc/avr/5.4.0/avr5\libgcc.a(_exit.o)
                0x000033b8                _exit
                0x000033b8                exit
 *(.fini9)
 *(.fini8)
 *(.fini8)
 *(.fini7)
 *(.fini7)
 *(.fini6)
 *(.fini6)
 *(.fini5)
 *(.fini5)
 *(.fini4)
 *(.fini4)
 *(.fini3)
 *(.fini3)
 *(.fini2)
 *(.fini2)
 *(.fini1)
 *(.fini1)
 *(.fini0)
 .fini0         0x000033b8        0x4 c:/program files (x86)/atmel/studio/7.0/toolchain/avr8/avr8-gnu-toolchain/bin/../lib/gcc/avr/5.4.0/avr5\libgcc.a(_exit.o)
 *(.fini0)
                0x000033bc                _etext = .

.data           0x00800060      0x718 load address 0x000033bc
                0x00800060                PROVIDE (__data_start, .)
 *(.data)
 *(.data*)
 .data.run_system
                0x00800060        0x1 Services/User/user.o
                0x00800060                run_system
 *(.gnu.linkonce.d*)
 *(.rodata)
 .rodata        0x00800061       0x10 HAL/Keypad/keypad.o
 *(.rodata*)
 .rodata.str1.1
                0x00800071      0x18e Services/Local_access/local.o
                                0x190 (size before relaxing)
 .rodata.str1.1
                0x008001ff      0x578 Services/Remote_access/remote.o
                                0x57a (size before relaxing)
 *(.gnu.linkonce.r*)
                0x00800778                . = ALIGN (0x2)
 *fill*         0x00800777        0x1 
                0x00800778                _edata = .
                0x00800778                PROVIDE (__data_end, .)

.bss            0x00800778       0xb7
                0x00800778                PROVIDE (__bss_start, .)
 *(.bss)
 *(.bss*)
 .bss.invalid_trails
                0x00800778        0x1 Services/User/user.o
                0x00800778                invalid_trails
 .bss.local_user_loggedin
                0x00800779        0x1 Services/User/user.o
                0x00800779                local_user_loggedin
 .bss.remote_user_loggedin
                0x0080077a        0x1 Services/User/user.o
                0x0080077a                remote_user_loggedin
 *(COMMON)
 COMMON         0x0080077b       0x1e Application/app.o
                0x0080077b                msg_buffer_pointer
                0x0080077c                local_control_permission_granted
                0x0080077d                msg_buffer
                0x0080078c                msg_length
                0x0080078d                user_dialog_tree
                0x00800791                running_devices
                0x00800798                invalid_user_input
 COMMON         0x00800799       0x33 Services/Local_access/local.o
                0x00800799                local_control_running_task
                0x0080079a                input_buffer_pointer
                0x0080079b                local_user
                0x008007bb                input_buffer
                0x008007c6                dimmer_brightness
                0x008007c8                control_devices_screen
                0x008007c9                login_stage_started
                0x008007ca                login_stage
                0x008007cb                running_devices_screen
 COMMON         0x008007cc       0x63 Services/Remote_access/remote.o
                0x008007cc                remote_user
                0x008007ec                temp_user
                0x0080080c                dump_invalid_data
                0x0080080d                udr_temp
                0x0080080e                device_number
                0x0080080f                new_user
                0x0080082f                PROVIDE (__bss_end, .)
                0x000033bc                __data_load_start = LOADADDR (.data)
                0x00003ad4                __data_load_end = (__data_load_start + SIZEOF (.data))

.noinit         0x0080082f        0x0
                [!provide]                PROVIDE (__noinit_start, .)
 *(.noinit*)
                [!provide]                PROVIDE (__noinit_end, .)
                0x0080082f                _end = .
                [!provide]                PROVIDE (__heap_start, .)

.eeprom         0x00810000        0x0
 *(.eeprom*)
                0x00810000                __eeprom_end = .

.fuse
 *(.fuse)
 *(.lfuse)
 *(.hfuse)
 *(.efuse)

.lock
 *(.lock*)

.signature
 *(.signature*)

.user_signatures
 *(.user_signatures*)

.stab
 *(.stab)

.stabstr
 *(.stabstr)

.stab.excl
 *(.stab.excl)

.stab.exclstr
 *(.stab.exclstr)

.stab.index
 *(.stab.index)

.stab.indexstr
 *(.stab.indexstr)

.comment        0x00000000       0x5c
 *(.comment)
 .comment       0x00000000       0x30 Application/app.o
                                 0x31 (size before relaxing)
 .comment       0x00000030       0x31 HAL/Buzzer/buzzer.o
 .comment       0x00000030       0x31 HAL/EEPROM/eeprom.o
 .comment       0x00000030       0x31 HAL/HC-05/hc_05.o
 .comment       0x00000030       0x31 HAL/Keypad/keypad.o
 .comment       0x00000030       0x31 HAL/LCD/lcd.o
 .comment       0x00000030       0x31 HAL/LED/led.o
 .comment       0x00000030       0x31 HAL/Servo/servo.o
 .comment       0x00000030       0x31 main.o
 .comment       0x00000030       0x31 MCAL/DIO/dio.o
 .comment       0x00000030       0x31 MCAL/I2C/i2c.o
 .comment       0x00000030       0x31 MCAL/Timer/timer.o
 .comment       0x00000030       0x31 MCAL/UART/uart.o
 .comment       0x00000030       0x31 Services/Door/door.o
 .comment       0x00000030       0x31 Services/Lights/lights.o
 .comment       0x00000030       0x31 Services/Local_access/local.o
 .comment       0x00000030       0x31 Services/Remote_access/remote.o
 .comment       0x00000030       0x31 Services/AC/ac.o
 .comment       0x00000030       0x31 Services/User/user.o
 .comment       0x00000030       0x31 c:/program files (x86)/atmel/studio/7.0/toolchain/avr8/avr8-gnu-toolchain/bin/../lib/gcc/avr/5.4.0/../../../../avr/lib/avr5\libc.a(sprintf.o)
 .comment       0x00000030       0x2c c:/program files (x86)/atmel/studio/7.0/toolchain/avr8/avr8-gnu-toolchain/bin/../lib/gcc/avr/5.4.0/../../../../avr/lib/avr5\libc.a(vfprintf_std.o)
                                 0x2d (size before relaxing)
 .comment       0x0000005c       0x31 c:/program files (x86)/atmel/studio/7.0/toolchain/avr8/avr8-gnu-toolchain/bin/../lib/gcc/avr/5.4.0/../../../../avr/lib/avr5\libc.a(fputc.o)

.note.gnu.avr.deviceinfo
                0x00000000       0x3c
 .note.gnu.avr.deviceinfo
                0x00000000       0x3c C:/Program Files (x86)/Atmel/Studio/7.0/Packs/atmel/ATmega_DFP/1.7.374/gcc/dev/atmega32a/avr5/crtatmega32a.o

.note.gnu.build-id
 *(.note.gnu.build-id)

.debug
 *(.debug)

.line
 *(.line)

.debug_srcinfo
 *(.debug_srcinfo)

.debug_sfnames
 *(.debug_sfnames)

.debug_aranges  0x00000000      0x590
 *(.debug_aranges)
 .debug_aranges
                0x00000000       0x28 Application/app.o
 .debug_aranges
                0x00000028       0x38 HAL/Buzzer/buzzer.o
 .debug_aranges
                0x00000060       0x40 HAL/EEPROM/eeprom.o
 .debug_aranges
                0x000000a0       0x30 HAL/HC-05/hc_05.o
 .debug_aranges
                0x000000d0       0x40 HAL/Keypad/keypad.o
 .debug_aranges
                0x00000110       0x60 HAL/LCD/lcd.o
 .debug_aranges
                0x00000170       0x38 HAL/LED/led.o
 .debug_aranges
                0x000001a8       0x28 HAL/Servo/servo.o
 .debug_aranges
                0x000001d0       0x20 main.o
 .debug_aranges
                0x000001f0       0x58 MCAL/DIO/dio.o
 .debug_aranges
                0x00000248       0x58 MCAL/I2C/i2c.o
 .debug_aranges
                0x000002a0       0x88 MCAL/Timer/timer.o
 .debug_aranges
                0x00000328       0x40 MCAL/UART/uart.o
 .debug_aranges
                0x00000368       0x30 Services/Door/door.o
 .debug_aranges
                0x00000398       0x40 Services/Lights/lights.o
 .debug_aranges
                0x000003d8       0x58 Services/Local_access/local.o
 .debug_aranges
                0x00000430       0xc0 Services/Remote_access/remote.o
 .debug_aranges
                0x000004f0       0x30 Services/AC/ac.o
 .debug_aranges
                0x00000520       0x70 Services/User/user.o

.debug_pubnames
 *(.debug_pubnames)

.debug_info     0x00000000     0x6952
 *(.debug_info .gnu.linkonce.wi.*)
 .debug_info    0x00000000      0x4e6 C:/Program Files (x86)/Atmel/Studio/7.0/Packs/atmel/ATmega_DFP/1.7.374/gcc/dev/atmega32a/avr5/crtatmega32a.o
 .debug_info    0x000004e6      0x292 Application/app.o
 .debug_info    0x00000778      0x251 HAL/Buzzer/buzzer.o
 .debug_info    0x000009c9      0x604 HAL/EEPROM/eeprom.o
 .debug_info    0x00000fcd      0x181 HAL/HC-05/hc_05.o
 .debug_info    0x0000114e      0x605 HAL/Keypad/keypad.o
 .debug_info    0x00001753      0x6ee HAL/LCD/lcd.o
 .debug_info    0x00001e41      0x251 HAL/LED/led.o
 .debug_info    0x00002092      0x151 HAL/Servo/servo.o
 .debug_info    0x000021e3      0x1f0 main.o
 .debug_info    0x000023d3      0x332 MCAL/DIO/dio.o
 .debug_info    0x00002705      0x200 MCAL/I2C/i2c.o
 .debug_info    0x00002905      0x4fe MCAL/Timer/timer.o
 .debug_info    0x00002e03      0x1e1 MCAL/UART/uart.o
 .debug_info    0x00002fe4       0xf6 Services/Door/door.o
 .debug_info    0x000030da      0x45d Services/Lights/lights.o
 .debug_info    0x00003537     0x1027 Services/Local_access/local.o
 .debug_info    0x0000455e     0x15bf Services/Remote_access/remote.o
 .debug_info    0x00005b1d      0x224 Services/AC/ac.o
 .debug_info    0x00005d41      0xc11 Services/User/user.o

.debug_abbrev   0x00000000     0x1876
 *(.debug_abbrev)
 .debug_abbrev  0x00000000      0x4a3 C:/Program Files (x86)/Atmel/Studio/7.0/Packs/atmel/ATmega_DFP/1.7.374/gcc/dev/atmega32a/avr5/crtatmega32a.o
 .debug_abbrev  0x000004a3       0xc7 Application/app.o
 .debug_abbrev  0x0000056a       0xa9 HAL/Buzzer/buzzer.o
 .debug_abbrev  0x00000613      0x14c HAL/EEPROM/eeprom.o
 .debug_abbrev  0x0000075f       0xbf HAL/HC-05/hc_05.o
 .debug_abbrev  0x0000081e      0x125 HAL/Keypad/keypad.o
 .debug_abbrev  0x00000943      0x18f HAL/LCD/lcd.o
 .debug_abbrev  0x00000ad2       0xa9 HAL/LED/led.o
 .debug_abbrev  0x00000b7b       0xa5 HAL/Servo/servo.o
 .debug_abbrev  0x00000c20       0x95 main.o
 .debug_abbrev  0x00000cb5       0xe3 MCAL/DIO/dio.o
 .debug_abbrev  0x00000d98       0xde MCAL/I2C/i2c.o
 .debug_abbrev  0x00000e76      0x171 MCAL/Timer/timer.o
 .debug_abbrev  0x00000fe7      0x140 MCAL/UART/uart.o
 .debug_abbrev  0x00001127       0x6f Services/Door/door.o
 .debug_abbrev  0x00001196       0x8d Services/Lights/lights.o
 .debug_abbrev  0x00001223      0x202 Services/Local_access/local.o
 .debug_abbrev  0x00001425      0x1fe Services/Remote_access/remote.o
 .debug_abbrev  0x00001623       0xbd Services/AC/ac.o
 .debug_abbrev  0x000016e0      0x196 Services/User/user.o

.debug_line     0x00000000     0x40ab
 *(.debug_line .debug_line.* .debug_line_end)
 .debug_line    0x00000000      0x116 C:/Program Files (x86)/Atmel/Studio/7.0/Packs/atmel/ATmega_DFP/1.7.374/gcc/dev/atmega32a/avr5/crtatmega32a.o
 .debug_line    0x00000116      0x2c0 Application/app.o
 .debug_line    0x000003d6      0x126 HAL/Buzzer/buzzer.o
 .debug_line    0x000004fc      0x395 HAL/EEPROM/eeprom.o
 .debug_line    0x00000891      0x103 HAL/HC-05/hc_05.o
 .debug_line    0x00000994      0x2a8 HAL/Keypad/keypad.o
 .debug_line    0x00000c3c      0x32f HAL/LCD/lcd.o
 .debug_line    0x00000f6b      0x117 HAL/LED/led.o
 .debug_line    0x00001082       0xef HAL/Servo/servo.o
 .debug_line    0x00001171      0x18a main.o
 .debug_line    0x000012fb      0x382 MCAL/DIO/dio.o
 .debug_line    0x0000167d      0x1f1 MCAL/I2C/i2c.o
 .debug_line    0x0000186e      0xab8 MCAL/Timer/timer.o
 .debug_line    0x00002326      0x225 MCAL/UART/uart.o
 .debug_line    0x0000254b       0xa9 Services/Door/door.o
 .debug_line    0x000025f4      0x249 Services/Lights/lights.o
 .debug_line    0x0000283d      0x8be Services/Local_access/local.o
 .debug_line    0x000030fb      0x8e6 Services/Remote_access/remote.o
 .debug_line    0x000039e1      0x1c7 Services/AC/ac.o
 .debug_line    0x00003ba8      0x503 Services/User/user.o

.debug_frame    0x00000000      0xdb4
 *(.debug_frame)
 .debug_frame   0x00000000       0x34 Application/app.o
 .debug_frame   0x00000034       0x54 HAL/Buzzer/buzzer.o
 .debug_frame   0x00000088       0xf0 HAL/EEPROM/eeprom.o
 .debug_frame   0x00000178       0x58 HAL/HC-05/hc_05.o
 .debug_frame   0x000001d0       0x88 HAL/Keypad/keypad.o
 .debug_frame   0x00000258       0xe8 HAL/LCD/lcd.o
 .debug_frame   0x00000340       0x54 HAL/LED/led.o
 .debug_frame   0x00000394       0x34 HAL/Servo/servo.o
 .debug_frame   0x000003c8       0x24 main.o
 .debug_frame   0x000003ec       0xd4 MCAL/DIO/dio.o
 .debug_frame   0x000004c0       0x94 MCAL/I2C/i2c.o
 .debug_frame   0x00000554      0x160 MCAL/Timer/timer.o
 .debug_frame   0x000006b4       0xb4 MCAL/UART/uart.o
 .debug_frame   0x00000768       0x44 Services/Door/door.o
 .debug_frame   0x000007ac       0x64 Services/Lights/lights.o
 .debug_frame   0x00000810       0xf4 Services/Local_access/local.o
 .debug_frame   0x00000904      0x234 Services/Remote_access/remote.o
 .debug_frame   0x00000b38       0x94 Services/AC/ac.o
 .debug_frame   0x00000bcc      0x1e8 Services/User/user.o

.debug_str      0x00000000     0x1438
 *(.debug_str)
 .debug_str     0x00000000      0x196 C:/Program Files (x86)/Atmel/Studio/7.0/Packs/atmel/ATmega_DFP/1.7.374/gcc/dev/atmega32a/avr5/crtatmega32a.o
 .debug_str     0x00000196      0x29b Application/app.o
                                0x2e4 (size before relaxing)
 .debug_str     0x00000431      0x121 HAL/Buzzer/buzzer.o
                                0x256 (size before relaxing)
 .debug_str     0x00000552      0x14a HAL/EEPROM/eeprom.o
                                0x2ce (size before relaxing)
 .debug_str     0x0000069c       0x68 HAL/HC-05/hc_05.o
                                0x1ab (size before relaxing)
 .debug_str     0x00000704       0xad HAL/Keypad/keypad.o
                                0x215 (size before relaxing)
 .debug_str     0x000007b1       0xb3 HAL/LCD/lcd.o
                                0x289 (size before relaxing)
 .debug_str     0x00000864       0x93 HAL/LED/led.o
                                0x22c (size before relaxing)
 .debug_str     0x000008f7       0x5a HAL/Servo/servo.o
                                0x19e (size before relaxing)
 .debug_str     0x00000951       0x2d main.o
                                0x28d (size before relaxing)
 .debug_str     0x0000097e       0x78 MCAL/DIO/dio.o
                                0x226 (size before relaxing)
 .debug_str     0x000009f6      0x14a MCAL/I2C/i2c.o
                                0x2e1 (size before relaxing)
 .debug_str     0x00000b40      0x1ae MCAL/Timer/timer.o
                                0x320 (size before relaxing)
 .debug_str     0x00000cee       0x63 MCAL/UART/uart.o
                                0x1ce (size before relaxing)
 .debug_str     0x00000d51       0x2d Services/Door/door.o
                                0x18b (size before relaxing)
 .debug_str     0x00000d7e       0x61 Services/Lights/lights.o
                                0x21f (size before relaxing)
 .debug_str     0x00000ddf      0x2bb Services/Local_access/local.o
                                0x685 (size before relaxing)
 .debug_str     0x0000109a      0x233 Services/Remote_access/remote.o
                                0x618 (size before relaxing)
 .debug_str     0x000012cd       0x64 Services/AC/ac.o
                                0x231 (size before relaxing)
 .debug_str     0x00001331      0x107 Services/User/user.o
                                0x4b7 (size before relaxing)

.debug_loc      0x00000000     0x3605
 *(.debug_loc)
 .debug_loc     0x00000000      0x160 HAL/Buzzer/buzzer.o
 .debug_loc     0x00000160      0x661 HAL/EEPROM/eeprom.o
 .debug_loc     0x000007c1       0xd2 HAL/HC-05/hc_05.o
 .debug_loc     0x00000893      0x3df HAL/Keypad/keypad.o
 .debug_loc     0x00000c72      0x3fb HAL/LCD/lcd.o
 .debug_loc     0x0000106d      0x160 HAL/LED/led.o
 .debug_loc     0x000011cd       0x2c HAL/Servo/servo.o
 .debug_loc     0x000011f9      0x3bb MCAL/DIO/dio.o
 .debug_loc     0x000015b4       0x79 MCAL/I2C/i2c.o
 .debug_loc     0x0000162d      0xa09 MCAL/Timer/timer.o
 .debug_loc     0x00002036      0x1b9 MCAL/UART/uart.o
 .debug_loc     0x000021ef      0x221 Services/Lights/lights.o
 .debug_loc     0x00002410      0x41f Services/Local_access/local.o
 .debug_loc     0x0000282f      0x540 Services/Remote_access/remote.o
 .debug_loc     0x00002d6f       0xfd Services/AC/ac.o
 .debug_loc     0x00002e6c      0x799 Services/User/user.o

.debug_macinfo
 *(.debug_macinfo)

.debug_weaknames
 *(.debug_weaknames)

.debug_funcnames
 *(.debug_funcnames)

.debug_typenames
 *(.debug_typenames)

.debug_varnames
 *(.debug_varnames)

.debug_pubtypes
 *(.debug_pubtypes)

.debug_ranges   0x00000000      0x460
 *(.debug_ranges)
 .debug_ranges  0x00000000       0x18 Application/app.o
 .debug_ranges  0x00000018       0x28 HAL/Buzzer/buzzer.o
 .debug_ranges  0x00000040       0x30 HAL/EEPROM/eeprom.o
 .debug_ranges  0x00000070       0x20 HAL/HC-05/hc_05.o
 .debug_ranges  0x00000090       0x30 HAL/Keypad/keypad.o
 .debug_ranges  0x000000c0       0x50 HAL/LCD/lcd.o
 .debug_ranges  0x00000110       0x28 HAL/LED/led.o
 .debug_ranges  0x00000138       0x18 HAL/Servo/servo.o
 .debug_ranges  0x00000150       0x10 main.o
 .debug_ranges  0x00000160       0x48 MCAL/DIO/dio.o
 .debug_ranges  0x000001a8       0x48 MCAL/I2C/i2c.o
 .debug_ranges  0x000001f0       0x78 MCAL/Timer/timer.o
 .debug_ranges  0x00000268       0x30 MCAL/UART/uart.o
 .debug_ranges  0x00000298       0x20 Services/Door/door.o
 .debug_ranges  0x000002b8       0x30 Services/Lights/lights.o
 .debug_ranges  0x000002e8       0x48 Services/Local_access/local.o
 .debug_ranges  0x00000330       0xb0 Services/Remote_access/remote.o
 .debug_ranges  0x000003e0       0x20 Services/AC/ac.o
 .debug_ranges  0x00000400       0x60 Services/User/user.o

.debug_macro
 *(.debug_macro)
OUTPUT(Smart_Home.elf elf32-avr)
LOAD linker stubs
